Archive member included to satisfy reference by file (symbol)

../../libDaisy//build\libdaisy.a(daisy_seed.o)
                              build/Main.o (daisy::DaisySeed::GetPin(unsigned char))
../../libDaisy//build\libdaisy.a(codec_ak4556.o)
                              ../../libDaisy//build\libdaisy.a(daisy_seed.o) (daisy::Ak4556::Init(daisy::Pin))
../../libDaisy//build\libdaisy.a(codec_wm8731.o)
                              ../../libDaisy//build\libdaisy.a(daisy_seed.o) (daisy::Wm8731::Init(daisy::Wm8731::Config const&, daisy::I2CHandle))
../../libDaisy//build\libdaisy.a(sdram.o)
                              ../../libDaisy//build\libdaisy.a(daisy_seed.o) (SdramHandle::Init())
../../libDaisy//build\libdaisy.a(audio.o)
                              ../../libDaisy//build\libdaisy.a(daisy_seed.o) (daisy::AudioHandle::Init(daisy::AudioHandle::Config const&, daisy::SaiHandle))
../../libDaisy//build\libdaisy.a(encoder.o)
                              build/Main.o (daisy::Encoder::Init(daisy::Pin, daisy::Pin, daisy::Pin, float))
../../libDaisy//build\libdaisy.a(switch.o)
                              build/Main.o (daisy::Switch::Init(daisy::Pin, float, daisy::Switch::Type, daisy::Switch::Polarity, daisy::GPIO::Pull))
../../libDaisy//build\libdaisy.a(adc.o)
                              build/Main.o (daisy::AdcChannelConfig::InitSingle(daisy::Pin, daisy::AdcChannelConfig::ConversionSpeed))
../../libDaisy//build\libdaisy.a(gpio.o)
                              ../../libDaisy//build\libdaisy.a(daisy_seed.o) (daisy::GPIO::Init(daisy::GPIO::Config const&))
../../libDaisy//build\libdaisy.a(i2c.o)
                              ../../libDaisy//build\libdaisy.a(daisy_seed.o) (daisy::I2CHandle::Init(daisy::I2CHandle::Config const&))
../../libDaisy//build\libdaisy.a(qspi.o)
                              ../../libDaisy//build\libdaisy.a(daisy_seed.o) (daisy::QSPIHandle::Init(daisy::QSPIHandle::Config const&))
../../libDaisy//build\libdaisy.a(sai.o)
                              ../../libDaisy//build\libdaisy.a(daisy_seed.o) (daisy::SaiHandle::Init(daisy::SaiHandle::Config const&))
../../libDaisy//build\libdaisy.a(sdmmc.o)
                              build/SdHandler.o (daisy::SdmmcHandler::Init(daisy::SdmmcHandler::Config const&))
../../libDaisy//build\libdaisy.a(spi.o)
                              build/Display.o (daisy::SpiHandle::Init(daisy::SpiHandle::Config const&))
../../libDaisy//build\libdaisy.a(fatfs.o)
                              build/SdHandler.o (daisy::FatFSInterface::Init(unsigned char))
../../libDaisy//build\libdaisy.a(system.o)
                              ../../libDaisy//build\libdaisy.a(daisy_seed.o) (daisy::System::DeInit())
../../libDaisy//build\libdaisy.a(system_stm32h7xx.o)
                              build/startup_stm32h750xx.o (SystemInit)
../../libDaisy//build\libdaisy.a(usbd_conf.o)
                              ../../libDaisy//build\libdaisy.a(system.o) (hpcd_USB_OTG_HS)
../../libDaisy//build\libdaisy.a(usbh_conf.o)
                              ../../libDaisy//build\libdaisy.a(system.o) (hhcd_USB_OTG_HS)
../../libDaisy//build\libdaisy.a(oled_fonts.o)
                              build/Display.o (Font_11x18)
../../libDaisy//build\libdaisy.a(sd_diskio.o)
                              ../../libDaisy//build\libdaisy.a(fatfs.o) (SD_Driver)
../../libDaisy//build\libdaisy.a(usbh_diskio.o)
                              ../../libDaisy//build\libdaisy.a(fatfs.o) (USBH_Driver)
../../libDaisy//build\libdaisy.a(stm32h7xx_hal.o)
                              ../../libDaisy//build\libdaisy.a(system.o) (HAL_Init)
../../libDaisy//build\libdaisy.a(stm32h7xx_hal_adc.o)
                              ../../libDaisy//build\libdaisy.a(adc.o) (HAL_ADC_ConfigChannel)
../../libDaisy//build\libdaisy.a(stm32h7xx_hal_adc_ex.o)
                              ../../libDaisy//build\libdaisy.a(adc.o) (HAL_ADCEx_Calibration_Start)
../../libDaisy//build\libdaisy.a(stm32h7xx_hal_cortex.o)
                              ../../libDaisy//build\libdaisy.a(stm32h7xx_hal.o) (HAL_NVIC_SetPriorityGrouping)
../../libDaisy//build\libdaisy.a(stm32h7xx_hal_dma.o)
                              ../../libDaisy//build\libdaisy.a(adc.o) (HAL_DMA_Init)
../../libDaisy//build\libdaisy.a(stm32h7xx_hal_gpio.o)
                              ../../libDaisy//build\libdaisy.a(sdram.o) (HAL_GPIO_Init)
../../libDaisy//build\libdaisy.a(stm32h7xx_hal_hcd.o)
                              ../../libDaisy//build\libdaisy.a(usbh_conf.o) (HAL_HCD_HC_Init)
../../libDaisy//build\libdaisy.a(stm32h7xx_hal_i2c.o)
                              ../../libDaisy//build\libdaisy.a(i2c.o) (HAL_I2C_Init)
../../libDaisy//build\libdaisy.a(stm32h7xx_hal_i2c_ex.o)
                              ../../libDaisy//build\libdaisy.a(i2c.o) (HAL_I2CEx_ConfigAnalogFilter)
../../libDaisy//build\libdaisy.a(stm32h7xx_hal_pcd.o)
                              ../../libDaisy//build\libdaisy.a(usbd_conf.o) (HAL_PCD_Init)
../../libDaisy//build\libdaisy.a(stm32h7xx_hal_pcd_ex.o)
[...]
Memory Configuration

Name             Origin             Length             Attributes
FLASH            0x08000000         0x00020000         xr
DTCMRAM          0x20000000         0x00020000         xrw
SRAM             0x24000000         0x00080000         xrw
RAM_D2           0x30000000         0x00048000         xrw
RAM_D3           0x38000000         0x00010000         xrw
BACKUP_SRAM      0x38800000         0x00001000         xrw
ITCMRAM          0x00000000         0x00010000         xrw
SDRAM            0xc0000000         0x04000000         xrw
QSPIFLASH        0x90000000         0x00800000         xr
*default*        0x00000000         0xffffffff

Linker script and memory map

LOAD c:/program files/daisytoolchain/bin/../lib/gcc/arm-none-eabi/10.2.1/thumb/v7e-m+dp/hard/crti.o
LOAD c:/program files/daisytoolchain/bin/../lib/gcc/arm-none-eabi/10.2.1/thumb/v7e-m+dp/hard/crtbegin.o
LOAD c:/program files/daisytoolchain/bin/../lib/gcc/arm-none-eabi/10.2.1/../../../../arm-none-eabi/lib/thumb/v7e-m+dp/hard/crt0.o
LOAD build/startup_stm32h750xx.o
LOAD build/diskio.o
LOAD build/ff.o
LOAD build/ff_gen_drv.o
LOAD build/ccsbcs.o
LOAD build/Main.o
LOAD build/Display.o
LOAD build/SdHandler.o
LOAD build/Setlist.o
LOAD build/AudioPlayer.o
LOAD build/PadBrowser.o
LOAD ../../libDaisy//build\libdaisy.a
LOAD c:/program files/daisytoolchain/bin/../lib/gcc/arm-none-eabi/10.2.1/../../../../arm-none-eabi/lib/thumb/v7e-m+dp/hard\libnosys.a
LOAD ../../DaisySP//build\libdaisysp.a
LOAD c:/program files/daisytoolchain/bin/../lib/gcc/arm-none-eabi/10.2.1/../../../../arm-none-eabi/lib/thumb/v7e-m+dp/hard\libstdc++_nano.a
LOAD c:/program files/daisytoolchain/bin/../lib/gcc/arm-none-eabi/10.2.1/../../../../arm-none-eabi/lib/thumb/v7e-m+dp/hard\libm.a
LOAD c:/program files/daisytoolchain/bin/../lib/gcc/arm-none-eabi/10.2.1/../../../../arm-none-eabi/lib/thumb/v7e-m+dp/hard\libc_nano.a
START GROUP
LOAD c:/program files/daisytoolchain/bin/../lib/gcc/arm-none-eabi/10.2.1/thumb/v7e-m+dp/hard\libgcc.a
LOAD c:/program files/daisytoolchain/bin/../lib/gcc/arm-none-eabi/10.2.1/../../../../arm-none-eabi/lib/thumb/v7e-m+dp/hard\libc_nano.a
END GROUP
START GROUP
LOAD c:/program files/daisytoolchain/bin/../lib/gcc/arm-none-eabi/10.2.1/thumb/v7e-m+dp/hard\libgcc.a
LOAD c:/program files/daisytoolchain/bin/../lib/gcc/arm-none-eabi/10.2.1/../../../../arm-none-eabi/lib/thumb/v7e-m+dp/hard\libc_nano.a
LOAD c:/program files/daisytoolchain/bin/../lib/gcc/arm-none-eabi/10.2.1/../../../../arm-none-eabi/lib/thumb/v7e-m+dp/hard\libnosys.a
END GROUP
START GROUP
LOAD c:/program files/daisytoolchain/bin/../lib/gcc/arm-none-eabi/10.2.1/thumb/v7e-m+dp/hard\libgcc.a
LOAD c:/program files/daisytoolchain/bin/../lib/gcc/arm-none-eabi/10.2.1/../../../../arm-none-eabi/lib/thumb/v7e-m+dp/hard\libc_nano.a
LOAD c:/program files/daisytoolchain/bin/../lib/gcc/arm-none-eabi/10.2.1/../../../../arm-none-eabi/lib/thumb/v7e-m+dp/hard\libnosys.a
END GROUP
LOAD c:/program files/daisytoolchain/bin/../lib/gcc/arm-none-eabi/10.2.1/thumb/v7e-m+dp/hard/crtend.o
LOAD c:/program files/daisytoolchain/bin/../lib/gcc/arm-none-eabi/10.2.1/thumb/v7e-m+dp/hard/crtn.o
                0x20020000                _estack = 0x20020000

.isr_vector     0x08000000      0x298
                0x08000000                . = ALIGN (0x4)
 *(.isr_vector)
 .isr_vector    0x08000000      0x298 build/startup_stm32h750xx.o
                0x08000000                g_pfnVectors
                0x08000298                . = ALIGN (0x4)

.text           0x080002a0    0x1e3c4
                0x080002a0                . = ALIGN (0x4)
                0x080002a0                _stext = .
 *(.text)
 .text          0x080002a0       0x40 c:/program files/daisytoolchain/bin/../lib/gcc/arm-none-eabi/10.2.1/thumb/v7e-m+dp/hard/crtbegin.o
 .text          0x080002e0       0x14 c:/program files/daisytoolchain/bin/../lib/gcc/arm-none-eabi/10.2.1/../../../../arm-none-eabi/lib/thumb/v7e-m+dp/hard\libc_nano.a(lib_a-strcmp.o)
                0x080002e0                strcmp
 .text          0x080002f4       0x10 c:/program files/daisytoolchain/bin/../lib/gcc/arm-none-eabi/10.2.1/../../../../arm-none-eabi/lib/thumb/v7e-m+dp/hard\libc_nano.a(lib_a-strlen.o)
                0x080002f4                strlen
 *fill*         0x08000304        0xc 
 .text          0x08000310       0xa0 c:/program files/daisytoolchain/bin/../lib/gcc/arm-none-eabi/10.2.1/../../../../arm-none-eabi/lib/thumb/v7e-m+dp/hard\libc_nano.a(lib_a-memchr.o)
                0x08000310                memchr
 .text          0x080003b0      0x378 c:/program files/daisytoolchain/bin/../lib/gcc/arm-none-eabi/10.2.1/thumb/v7e-m+dp/hard\libgcc.a(_arm_addsubdf3.o)
                0x080003b0                __aeabi_drsub
                0x080003b8                __aeabi_dsub
                0x080003b8                __subdf3
                0x080003bc                __aeabi_dadd
                0x080003bc                __adddf3
                0x08000634                __floatunsidf
                0x08000634                __aeabi_ui2d
                0x08000654                __floatsidf
                0x08000654                __aeabi_i2d
                0x08000678                __aeabi_f2d
                0x08000678                __extendsfdf2
                0x080006bc                __floatundidf
                0x080006bc                __aeabi_ul2d
                0x080006cc                __floatdidf
                0x080006cc                __aeabi_l2d
 .text          0x08000728       0x30 c:/program files/daisytoolchain/bin/../lib/gcc/arm-none-eabi/10.2.1/thumb/v7e-m+dp/hard\libgcc.a(_aeabi_uldivmod.o)
                0x08000728                __aeabi_uldivmod
 .text          0x08000758      0x2d0 c:/program files/daisytoolchain/bin/../lib/gcc/arm-none-eabi/10.2.1/thumb/v7e-m+dp/hard\libgcc.a(_udivmoddi4.o)
                0x08000758                __udivmoddi4
 .text          0x08000a28        0x4 c:/program files/daisytoolchain/bin/../lib/gcc/arm-none-eabi/10.2.1/thumb/v7e-m+dp/hard\libgcc.a(_dvmd_tls.o)
                0x08000a28                __aeabi_idiv0
                0x08000a28                __aeabi_ldiv0
 *(.text*)
 .text.Default_Handler
                0x08000a2c        0xa build/startup_stm32h750xx.o
                0x08000a2c                RTC_Alarm_IRQHandler
                0x08000a2c                HASH_RNG_IRQHandler
                0x08000a2c                EXTI2_IRQHandler
                0x08000a2c                TIM8_CC_IRQHandler
                0x08000a2c                HRTIM1_Master_IRQHandler
                0x08000a2c                DebugMon_Handler
                0x08000a2c                TIM1_CC_IRQHandler
                0x08000a2c                BDMA_Channel6_IRQHandler
                0x08000a2c                DMA2_Stream5_IRQHandler
                0x08000a2c                HRTIM1_FLT_IRQHandler
                0x08000a2c                JPEG_IRQHandler
                0x08000a2c                BDMA_Channel1_IRQHandler
                0x08000a2c                HRTIM1_TIMD_IRQHandler
                0x08000a2c                TAMP_STAMP_IRQHandler
                0x08000a2c                PendSV_Handler
                0x08000a2c                NMI_Handler
                0x08000a2c                EXTI3_IRQHandler
                0x08000a2c                LPTIM4_IRQHandler
                0x08000a2c                TIM8_TRG_COM_TIM14_IRQHandler
                0x08000a2c                LPTIM2_IRQHandler
                0x08000a2c                DFSDM1_FLT1_IRQHandler
                0x08000a2c                DMAMUX2_OVR_IRQHandler
                0x08000a2c                TIM8_UP_TIM13_IRQHandler
                0x08000a2c                I2C3_ER_IRQHandler
                0x08000a2c                DFSDM1_FLT2_IRQHandler
                0x08000a2c                MDMA_IRQHandler
                0x08000a2c                LPTIM3_IRQHandler
                0x08000a2c                HSEM1_IRQHandler
                0x08000a2c                EXTI0_IRQHandler
                0x08000a2c                FPU_IRQHandler
                0x08000a2c                OTG_HS_WKUP_IRQHandler
                0x08000a2c                FDCAN1_IT1_IRQHandler
                0x08000a2c                UsageFault_Handler
                0x08000a2c                LTDC_ER_IRQHandler
                0x08000a2c                HRTIM1_TIME_IRQHandler
                0x08000a2c                TIM6_DAC_IRQHandler
                0x08000a2c                DCMI_IRQHandler
                0x08000a2c                HRTIM1_TIMC_IRQHandler
                0x08000a2c                SAI2_IRQHandler
                0x08000a2c                DFSDM1_FLT3_IRQHandler
                0x08000a2c                TIM17_IRQHandler
                0x08000a2c                CRYP_IRQHandler
                0x08000a2c                BDMA_Channel7_IRQHandler
                0x08000a2c                LPTIM5_IRQHandler
                0x08000a2c                ADC3_IRQHandler
                0x08000a2c                DMA2_Stream0_IRQHandler
                0x08000a2c                BDMA_Channel2_IRQHandler
                0x08000a2c                DMAMUX1_OVR_IRQHandler
                0x08000a2c                TIM16_IRQHandler
                0x08000a2c                BDMA_Channel5_IRQHandler
                0x08000a2c                RCC_IRQHandler
                0x08000a2c                TIM8_BRK_TIM12_IRQHandler
                0x08000a2c                TIM1_TRG_COM_IRQHandler
                0x08000a2c                Default_Handler
                0x08000a2c                ECC_IRQHandler
                0x08000a2c                CEC_IRQHandler
                0x08000a2c                EXTI15_10_IRQHandler
                0x08000a2c                BDMA_Channel0_IRQHandler
                0x08000a2c                ADC_IRQHandler
                0x08000a2c                DMA1_Stream7_IRQHandler
                0x08000a2c                HRTIM1_TIMA_IRQHandler
                0x08000a2c                TIM7_IRQHandler
                0x08000a2c                DMA2_Stream7_IRQHandler
                0x08000a2c                TIM15_IRQHandler
                0x08000a2c                PVD_AVD_IRQHandler
                0x08000a2c                EXTI9_5_IRQHandler
                0x08000a2c                RTC_WKUP_IRQHandler
                0x08000a2c                LTDC_IRQHandler
                0x08000a2c                SAI3_IRQHandler
                0x08000a2c                ETH_WKUP_IRQHandler
                0x08000a2c                SPDIF_RX_IRQHandler
                0x08000a2c                MemManage_Handler
                0x08000a2c                SVC_Handler
                0x08000a2c                CRS_IRQHandler
                0x08000a2c                EXTI4_IRQHandler
                0x08000a2c                HRTIM1_TIMB_IRQHandler
                0x08000a2c                FDCAN2_IT1_IRQHandler
                0x08000a2c                ETH_IRQHandler
                0x08000a2c                TIM1_UP_IRQHandler
                0x08000a2c                BDMA_Channel4_IRQHandler
                0x08000a2c                WWDG_IRQHandler
                0x08000a2c                SPI6_IRQHandler
                0x08000a2c                I2C4_EV_IRQHandler
                0x08000a2c                MDIOS_IRQHandler
                0x08000a2c                FDCAN2_IT0_IRQHandler
                0x08000a2c                FDCAN1_IT0_IRQHandler
                0x08000a2c                OTG_FS_WKUP_IRQHandler
                0x08000a2c                DMA2D_IRQHandler
                0x08000a2c                TIM1_BRK_IRQHandler
                0x08000a2c                EXTI1_IRQHandler
                0x08000a2c                SDMMC2_IRQHandler
                0x08000a2c                BDMA_Channel3_IRQHandler
                0x08000a2c                MDIOS_WKUP_IRQHandler
                0x08000a2c                DFSDM1_FLT0_IRQHandler
                0x08000a2c                SAI4_IRQHandler
                0x08000a2c                I2C2_ER_IRQHandler
                0x08000a2c                DMA2_Stream1_IRQHandler
                0x08000a2c                FLASH_IRQHandler
                0x08000a2c                BusFault_Handler
                0x08000a2c                WAKEUP_PIN_IRQHandler
                0x08000a2c                I2C1_ER_IRQHandler
                0x08000a2c                FMC_IRQHandler
                0x08000a2c                FDCAN_CAL_IRQHandler
                0x08000a2c                SWPMI1_IRQHandler
                0x08000a2c                COMP1_IRQHandler
                0x08000a2c                LPTIM1_IRQHandler
                0x08000a2c                I2C4_ER_IRQHandler
                0x08000a2c                DMA2_Stream6_IRQHandler
                0x08000a2c                SAI1_IRQHandler
 *fill*         0x08000a36        0x2 
 .text.Reset_Handler
                0x08000a38       0x3c build/startup_stm32h750xx.o
                0x08000a38                Reset_Handler
 .text.disk_status
                0x08000a74       0x14 build/diskio.o
                0x08000a74                disk_status
 .text.disk_initialize
                0x08000a88       0x20 build/diskio.o
                0x08000a88                disk_initialize
 .text.disk_read
                0x08000aa8       0x1c build/diskio.o
                0x08000aa8                disk_read
 .text.disk_write
                0x08000ac4       0x1c build/diskio.o
                0x08000ac4                disk_write
 .text.disk_ioctl
                0x08000ae0       0x1c build/diskio.o
                0x08000ae0                disk_ioctl
 .text.ld_dword
                0x08000afc        0x4 build/ff.o
 .text.st_dword
                0x08000b00       0x10 build/ff.o
 .text.mem_set  0x08000b10        0xc build/ff.o
 .text.clust2sect
                0x08000b1c       0x16 build/ff.o
 .text.clmt_clust
                0x08000b32       0x22 build/ff.o
 .text.st_clust
                0x08000b54       0x18 build/ff.o
 .text.sum_sfn  0x08000b6c       0x1e build/ff.o
 *fill*         0x08000b8a        0x2 
 .text.get_ldnumber
                0x08000b8c       0x40 build/ff.o
 .text.validate
                0x08000bcc       0x34 build/ff.o
 .text.get_fileinfo
                0x08000c00       0xe8 build/ff.o
 .text.mem_cpy.part.0
                0x08000ce8       0x12 build/ff.o
 .text.sync_window.part.0
                0x08000cfa       0x4c build/ff.o
 .text.sync_window
                0x08000d46        0xc build/ff.o
 .text.move_window
                0x08000d52       0x32 build/ff.o
 .text.check_fs
                0x08000d84       0x74 build/ff.o
 .text.find_volume
                0x08000df8      0x258 build/ff.o
 .text.put_fat  0x08001050       0xfc build/ff.o
 .text.sync_fs  0x0800114c       0x96 build/ff.o
 .text.ld_clust.isra.0
                0x080011e2       0x10 build/ff.o
 .text.get_fat.isra.0
                0x080011f2       0xac build/ff.o
 .text.remove_chain.isra.0
                0x0800129e       0x6c build/ff.o
 .text.create_chain.isra.0
                0x0800130a       0xa6 build/ff.o
 .text.dir_sdi  0x080013b0       0x82 build/ff.o
 .text.dir_next
                0x08001432       0xea build/ff.o
 .text.dir_find
                0x0800151c      0x160 build/ff.o
 .text.dir_register
                0x0800167c      0x278 build/ff.o
 .text.dir_read.constprop.0
                0x080018f4       0xf4 build/ff.o
 .text.follow_path
                0x080019e8      0x2b4 build/ff.o
 .text.f_mount  0x08001c9c       0x4c build/ff.o
                0x08001c9c                f_mount
 .text.f_open   0x08001ce8      0x1be build/ff.o
                0x08001ce8                f_open
 .text.f_read   0x08001ea6      0x164 build/ff.o
                0x08001ea6                f_read
 .text.f_sync   0x0800200a       0x92 build/ff.o
                0x0800200a                f_sync
 .text.f_close  0x0800209c       0x1a build/ff.o
                0x0800209c                f_close
 .text.f_lseek  0x080020b6      0x218 build/ff.o
                0x080020b6                f_lseek
 .text.f_opendir
                0x080022ce       0x68 build/ff.o
                0x080022ce                f_opendir
 .text.f_closedir
                0x08002336       0x12 build/ff.o
                0x08002336                f_closedir
 .text.f_readdir
                0x08002348       0x40 build/ff.o
                0x08002348                f_readdir
 .text.f_gets   0x08002388       0x4a build/ff.o
                0x08002388                f_gets
 *fill*         0x080023d2        0x2 
 .text.FATFS_LinkDriverEx
                0x080023d4       0x44 build/ff_gen_drv.o
                0x080023d4                FATFS_LinkDriverEx
 .text.FATFS_LinkDriver
                0x08002418        0x6 build/ff_gen_drv.o
                0x08002418                FATFS_LinkDriver
 *fill*         0x0800241e        0x2 
 .text.ff_convert
                0x08002420       0x3c build/ccsbcs.o
                0x08002420                ff_convert
 .text.ff_wtoupper
                0x0800245c       0x84 build/ccsbcs.o
                0x0800245c                ff_wtoupper
 .text._ZN5daisy6SwitchD2Ev
                0x080024e0        0x2 build/Main.o
                0x080024e0                daisy::Switch::~Switch()
                0x080024e0                daisy::Switch::~Switch()
 .text._ZN5daisy7EncoderD2Ev
                0x080024e2        0x2 build/Main.o
                0x080024e2                daisy::Encoder::~Encoder()
                0x080024e2                daisy::Encoder::~Encoder()
 .text._ZN5daisy9DaisySeedD2Ev
                0x080024e4        0x2 build/Main.o
                0x080024e4                daisy::DaisySeed::~DaisySeed()
                0x080024e4                daisy::DaisySeed::~DaisySeed()
 .text._ZN7DisplayD2Ev
                0x080024e6        0x2 build/Main.o
                0x080024e6                Display::~Display()
                0x080024e6                Display::~Display()
 .text._ZN9SdHandlerD2Ev
                0x080024e8        0x2 build/Main.o
                0x080024e8                SdHandler::~SdHandler()
                0x080024e8                SdHandler::~SdHandler()
 .text._ZN11AudioPlayerD2Ev
                0x080024ea        0x2 build/Main.o
                0x080024ea                AudioPlayer::~AudioPlayer()
                0x080024ea                AudioPlayer::~AudioPlayer()
 .text._Z13AudioCallbackPKPKfPPfj
                0x080024ec       0x38 build/Main.o
                0x080024ec                AudioCallback(float const* const*, float**, unsigned int)
 .text._ZN5daisy4GPIO6ConfigC2Ev
                0x08002524       0x12 build/Main.o
                0x08002524                daisy::GPIO::Config::Config()
                0x08002524                daisy::GPIO::Config::Config()
 *fill*         0x08002536        0x2 
 .text._Z13handleEncoderv
                0x08002538      0x200 build/Main.o
                0x08002538                handleEncoder()
 .text.startup.main
                0x08002738      0x5f8 build/Main.o
                0x08002738                main
 .text.startup._GLOBAL__sub_I_hw
                0x08002d30      0x170 build/Main.o
 .text._ZN5daisy11OledDisplayINS_13SSD130xDriverILj128ELj64ENS_24SSD130x4WireSpiTransportEEEED2Ev
                0x08002ea0        0x2 build/Display.o
                0x08002ea0                daisy::OledDisplay<daisy::SSD130xDriver<128u, 64u, daisy::SSD130x4WireSpiTransport> >::~OledDisplay()
                0x08002ea0                daisy::OledDisplay<daisy::SSD130xDriver<128u, 64u, daisy::SSD130x4WireSpiTransport> >::~OledDisplay()
 .text._ZN5daisy11OledDisplayINS_13SSD130xDriverILj128ELj64ENS_24SSD130x4WireSpiTransportEEEE4FillEb
                0x08002ea2       0x14 build/Display.o
                0x08002ea2                daisy::OledDisplay<daisy::SSD130xDriver<128u, 64u, daisy::SSD130x4WireSpiTransport> >::Fill(bool)
 .text._ZNK5daisy11OledDisplayINS_13SSD130xDriverILj128ELj64ENS_24SSD130x4WireSpiTransportEEEE6HeightEv
                0x08002eb6        0x4 build/Display.o
                0x08002eb6                daisy::OledDisplay<daisy::SSD130xDriver<128u, 64u, daisy::SSD130x4WireSpiTransport> >::Height() const
 .text._ZNK5daisy11OledDisplayINS_13SSD130xDriverILj128ELj64ENS_24SSD130x4WireSpiTransportEEEE5WidthEv
                0x08002eba        0x4 build/Display.o
                0x08002eba                daisy::OledDisplay<daisy::SSD130xDriver<128u, 64u, daisy::SSD130x4WireSpiTransport> >::Width() const
 .text._ZN5daisy11OledDisplayINS_13SSD130xDriverILj128ELj64ENS_24SSD130x4WireSpiTransportEEEE14UpdateFinishedEv
                0x08002ebe        0x4 build/Display.o
                0x08002ebe                daisy::OledDisplay<daisy::SSD130xDriver<128u, 64u, daisy::SSD130x4WireSpiTransport> >::UpdateFinished()
 .text._ZN5daisy11OledDisplayINS_13SSD130xDriverILj128ELj64ENS_24SSD130x4WireSpiTransportEEEED0Ev
                0x08002ec2       0x10 build/Display.o
                0x08002ec2                daisy::OledDisplay<daisy::SSD130xDriver<128u, 64u, daisy::SSD130x4WireSpiTransport> >::~OledDisplay()
 .text._ZN5daisy21OneBitGraphicsDisplay9SetCursorEtt
                0x08002ed2       0x3c build/Display.o
                0x08002ed2                daisy::OneBitGraphicsDisplay::SetCursor(unsigned short, unsigned short)
 .text._ZN5daisy24SSD130x4WireSpiTransport11SendCommandEh
                0x08002f0e       0x22 build/Display.o
                0x08002f0e                daisy::SSD130x4WireSpiTransport::SendCommand(unsigned char)
 .text._ZN7DisplayC2ERN5daisy9DaisySeedE
                0x08002f30       0x30 build/Display.o
                0x08002f30                Display::Display(daisy::DaisySeed&)
                0x08002f30                Display::Display(daisy::DaisySeed&)
 .text._ZN7Display5ClearEv
                0x08002f60        0xc build/Display.o
                0x08002f60                Display::Clear()
 .text._ZN5daisy13SSD130xDriverILj128ELj64ENS_24SSD130x4WireSpiTransportEE4InitENS2_6ConfigE
                0x08002f6c      0x114 build/Display.o
                0x08002f6c                daisy::SSD130xDriver<128u, 64u, daisy::SSD130x4WireSpiTransport>::Init(daisy::SSD130xDriver<128u, 64u, daisy::SSD130x4WireSpiTransport>::Config)
 .text._ZN7Display4InitEv
                0x08003080       0x70 build/Display.o
                0x08003080                Display::Init()
 .text._ZN5daisy13SSD130xDriverILj128ELj64ENS_24SSD130x4WireSpiTransportEE6UpdateEv
                0x080030f0       0x44 build/Display.o
                0x080030f0                daisy::SSD130xDriver<128u, 64u, daisy::SSD130x4WireSpiTransport>::Update()
 .text._ZN5daisy11OledDisplayINS_13SSD130xDriverILj128ELj64ENS_24SSD130x4WireSpiTransportEEEE6UpdateEv
                0x08003134        0xa build/Display.o
                0x08003134                daisy::OledDisplay<daisy::SSD130xDriver<128u, 64u, daisy::SSD130x4WireSpiTransport> >::Update()
 .text._ZN7Display6UpdateEv
                0x0800313e        0xa build/Display.o
                0x0800313e                Display::Update()
 .text._ZN5daisy13SSD130xDriverILj128ELj64ENS_24SSD130x4WireSpiTransportEE9DrawPixelEjjb
                0x08003148       0x32 build/Display.o
                0x08003148                daisy::SSD130xDriver<128u, 64u, daisy::SSD130x4WireSpiTransport>::DrawPixel(unsigned int, unsigned int, bool)
 .text._ZN5daisy11OledDisplayINS_13SSD130xDriverILj128ELj64ENS_24SSD130x4WireSpiTransportEEEE9DrawPixelEjjb
                0x0800317a        0xa build/Display.o
                0x0800317a                daisy::OledDisplay<daisy::SSD130xDriver<128u, 64u, daisy::SSD130x4WireSpiTransport> >::DrawPixel(unsigned int, unsigned int, bool)
 .text._ZN5daisy25OneBitGraphicsDisplayImplINS_11OledDisplayINS_13SSD130xDriverILj128ELj64ENS_24SSD130x4WireSpiTransportEEEEEE9WriteCharEc7FontDefb
                0x08003184       0xa8 build/Display.o
                0x08003184                daisy::OneBitGraphicsDisplayImpl<daisy::OledDisplay<daisy::SSD130xDriver<128u, 64u, daisy::SSD130x4WireSpiTransport> > >::WriteChar(char, FontDef, bool)
 .text._ZN5daisy25OneBitGraphicsDisplayImplINS_11OledDisplayINS_13SSD130xDriverILj128ELj64ENS_24SSD130x4WireSpiTransportEEEEEE11WriteStringEPKc7FontDefb
                0x0800322c       0x30 build/Display.o
                0x0800322c                daisy::OneBitGraphicsDisplayImpl<daisy::OledDisplay<daisy::SSD130xDriver<128u, 64u, daisy::SSD130x4WireSpiTransport> > >::WriteString(char const*, FontDef, bool)
 .text._ZN7Display7ShowBpmEi
                0x0800325c       0x3c build/Display.o
                0x0800325c                Display::ShowBpm(int)
 .text._ZN7Display11ShowPadNameEPKc
                0x08003298       0x28 build/Display.o
                0x08003298                Display::ShowPadName(char const*)
 .text._ZN7Display7ShowKeyEPKc
                0x080032c0       0x3c build/Display.o
                0x080032c0                Display::ShowKey(char const*)
 .text._ZN7Display15ShowNextPadNameEPKcS1_
                0x080032fc       0x40 build/Display.o
                0x080032fc                Display::ShowNextPadName(char const*, char const*)
 .text._ZN7Display17ShowTimeSignatureEii
                0x0800333c       0x40 build/Display.o
                0x0800333c                Display::ShowTimeSignature(int, int)
 .text._ZN7Display10ShowStatusEbb
                0x0800337c       0x6c build/Display.o
                0x0800337c                Display::ShowStatus(bool, bool)
 .text._ZN7Display6RenderEiPKcS1_S1_S1_iibb
                0x080033e8       0x54 build/Display.o
                0x080033e8                Display::Render(int, char const*, char const*, char const*, char const*, int, int, bool, bool)
 .text._ZN7Display14ShowPadBrowserEPKcS1_ii
                0x0800343c       0xe4 build/Display.o
                0x0800343c                Display::ShowPadBrowser(char const*, char const*, int, int)
 .text._ZN5daisy25OneBitGraphicsDisplayImplINS_11OledDisplayINS_13SSD130xDriverILj128ELj64ENS_24SSD130x4WireSpiTransportEEEEEE18WriteStringAlignedEPKcRK7FontDefNS_9RectangleENS_9AlignmentEb
                0x08003520      0x132 build/Display.o
                0x08003520                daisy::OneBitGraphicsDisplayImpl<daisy::OledDisplay<daisy::SSD130xDriver<128u, 64u, daisy::SSD130x4WireSpiTransport> > >::WriteStringAligned(char const*, FontDef const&, daisy::Rectangle, daisy::Alignment, bool)
 *fill*         0x08003652        0x6 
 .text._ZN5daisy25OneBitGraphicsDisplayImplINS_11OledDisplayINS_13SSD130xDriverILj128ELj64ENS_24SSD130x4WireSpiTransportEEEEEE7DrawArcEjjjiib
                0x08003658      0x300 build/Display.o
                0x08003658                daisy::OneBitGraphicsDisplayImpl<daisy::OledDisplay<daisy::SSD130xDriver<128u, 64u, daisy::SSD130x4WireSpiTransport> > >::DrawArc(unsigned int, unsigned int, unsigned int, int, int, bool)
 .text._ZN5daisy25OneBitGraphicsDisplayImplINS_11OledDisplayINS_13SSD130xDriverILj128ELj64ENS_24SSD130x4WireSpiTransportEEEEEE8DrawLineEjjjjb
                0x08003958       0x9a build/Display.o
                0x08003958                daisy::OneBitGraphicsDisplayImpl<daisy::OledDisplay<daisy::SSD130xDriver<128u, 64u, daisy::SSD130x4WireSpiTransport> > >::DrawLine(unsigned int, unsigned int, unsigned int, unsigned int, bool)
 .text._ZN5daisy25OneBitGraphicsDisplayImplINS_11OledDisplayINS_13SSD130xDriverILj128ELj64ENS_24SSD130x4WireSpiTransportEEEEEE8DrawRectEjjjjbb
                0x080039f2       0x7e build/Display.o
                0x080039f2                daisy::OneBitGraphicsDisplayImpl<daisy::OledDisplay<daisy::SSD130xDriver<128u, 64u, daisy::SSD130x4WireSpiTransport> > >::DrawRect(unsigned int, unsigned int, unsigned int, unsigned int, bool, bool)
 .text._ZN9SdHandlerC2ERN5daisy9DaisySeedE
                0x08003a70        0xe build/SdHandler.o
                0x08003a70                SdHandler::SdHandler(daisy::DaisySeed&)
                0x08003a70                SdHandler::SdHandler(daisy::DaisySeed&)
 *fill*         0x08003a7e        0x2 
 .text._ZN9SdHandler8TryMountEN5daisy12SdmmcHandler5SpeedENS1_8BusWidthE
                0x08003a80       0x3c build/SdHandler.o
                0x08003a80                SdHandler::TryMount(daisy::SdmmcHandler::Speed, daisy::SdmmcHandler::BusWidth)
 .text._ZN9SdHandler4InitEv
                0x08003abc       0x34 build/SdHandler.o
                0x08003abc                SdHandler::Init()
 .text._ZN9SdHandler8ReadLineEPcj
                0x08003af0       0x46 build/SdHandler.o
                0x08003af0                SdHandler::ReadLine(char*, unsigned int)
 .text._ZN9SdHandler9CloseFileEv
                0x08003b36       0x1a build/SdHandler.o
                0x08003b36                SdHandler::CloseFile()
 .text._ZN9SdHandler8OpenFileEPKc
                0x08003b50       0x48 build/SdHandler.o
                0x08003b50                SdHandler::OpenFile(char const*)
 .text._ZN9SdHandler12ListWavFilesEPKcPA256_cPA128_cRii
                0x08003b98       0xfc build/SdHandler.o
                0x08003b98                SdHandler::ListWavFiles(char const*, char (*) [256], char (*) [128], int&, int)
 .text._ZN7SetlistC2ER9SdHandler
                0x08003c94       0x22 build/Setlist.o
                0x08003c94                Setlist::Setlist(SdHandler&)
                0x08003c94                Setlist::Setlist(SdHandler&)
 .text._ZN7Setlist15ParseKeyAndNameEPKcR12SetlistEntry
                0x08003cb6       0x4e build/Setlist.o
                0x08003cb6                Setlist::ParseKeyAndName(char const*, SetlistEntry&)
 .text._ZN7Setlist18ParseTimeSignatureEPKcRiS2_
                0x08003d04       0x3e build/Setlist.o
                0x08003d04                Setlist::ParseTimeSignature(char const*, int&, int&)
 *fill*         0x08003d42        0x2 
 .text._ZN7Setlist9ParseLineEPKcR12SetlistEntry
                0x08003d44       0xdc build/Setlist.o
                0x08003d44                Setlist::ParseLine(char const*, SetlistEntry&)
 .text._ZN7Setlist4LoadEv
                0x08003e20       0x90 build/Setlist.o
                0x08003e20                Setlist::Load()
 .text._ZN7Setlist4NextEv
                0x08003eb0       0x1a build/Setlist.o
                0x08003eb0                Setlist::Next()
 .text._ZN7Setlist10GetCurrentEv
                0x08003eca       0x18 build/Setlist.o
                0x08003eca                Setlist::GetCurrent()
 .text._ZN7Setlist7GetNextEv
                0x08003ee2       0x22 build/Setlist.o
                0x08003ee2                Setlist::GetNext()
 .text._ZNK5daisy10FileReader8positionEv
                0x08003f04        0xa build/AudioPlayer.o
                0x08003f04                daisy::FileReader::position() const
 .text._ZNK5daisy10FileReader4sizeEv
                0x08003f0e        0x4 build/AudioPlayer.o
                0x08003f0e                daisy::FileReader::size() const
 .text._ZN5daisy10FileReaderD2Ev
                0x08003f12        0x2 build/AudioPlayer.o
                0x08003f12                daisy::FileReader::~FileReader()
                0x08003f12                daisy::FileReader::~FileReader()
 .text._ZN5daisy10FileReader4readEPvj
                0x08003f14       0x16 build/AudioPlayer.o
                0x08003f14                daisy::FileReader::read(void*, unsigned int)
 .text._ZN5daisy10FileReader4seekEm
                0x08003f2a       0x10 build/AudioPlayer.o
                0x08003f2a                daisy::FileReader::seek(unsigned long)
 .text._ZN5daisy10FileReaderD0Ev
                0x08003f3a        0xe build/AudioPlayer.o
                0x08003f3a                daisy::FileReader::~FileReader()
 .text._ZN5daisy8FIFOBaseINS_9WavPlayerILj8000EE9IoRequestEE8PushBackERKS3_.isra.0
                0x08003f48       0x32 build/AudioPlayer.o
 .text._ZN5daisy9WavParser10skip_bytesERNS_7IReaderEm.isra.0
                0x08003f7a       0x1a build/AudioPlayer.o
 .text._ZN5daisy9WavParser18skip_chunk_payloadERNS_7IReaderEm.isra.0
                0x08003f94       0x1a build/AudioPlayer.o
 .text._ZN5daisy9WavParser10read_exactERNS_7IReaderEPvj.isra.0
                0x08003fae       0x12 build/AudioPlayer.o
 .text._ZN5daisy10FileReaderC2EP3FIL
                0x08003fc0       0x24 build/AudioPlayer.o
                0x08003fc0                daisy::FileReader::FileReader(FIL*)
                0x08003fc0                daisy::FileReader::FileReader(FIL*)
 .text._ZN5daisy9WavParser6rd_u32EPKh
                0x08003fe4        0x4 build/AudioPlayer.o
                0x08003fe4                daisy::WavParser::rd_u32(unsigned char const*)
 .text._ZN5daisy9WavParser15parse_fmt_chunkERNS_7IReaderERKNS0_11ChunkHeaderE
                0x08003fe8       0xf4 build/AudioPlayer.o
                0x08003fe8                daisy::WavParser::parse_fmt_chunk(daisy::IReader&, daisy::WavParser::ChunkHeader const&)
 .text._ZN5daisy9WavParser5parseERNS_7IReaderE
                0x080040dc      0x140 build/AudioPlayer.o
                0x080040dc                daisy::WavParser::parse(daisy::IReader&)
 *fill*         0x0800421c        0x4 
 .text._ZN11AudioPlayer4InitEf
                0x08004220       0x50 build/AudioPlayer.o
                0x08004220                AudioPlayer::Init(float)
 .text._ZN11AudioPlayer20SetCrossfadeDurationEf
                0x08004270       0x40 build/AudioPlayer.o
                0x08004270                AudioPlayer::SetCrossfadeDuration(float)
 .text._ZN11AudioPlayer20CrossfadeToPreloadedEv
                0x080042b0       0x34 build/AudioPlayer.o
                0x080042b0                AudioPlayer::CrossfadeToPreloaded()
 .text._ZN11AudioPlayer4PlayEv
                0x080042e4       0x18 build/AudioPlayer.o
                0x080042e4                AudioPlayer::Play()
 .text._ZN11AudioPlayer4StopEv
                0x080042fc        0xe build/AudioPlayer.o
                0x080042fc                AudioPlayer::Stop()
 .text._ZN11AudioPlayer12TriggerClickEb
                0x0800430a       0x14 build/AudioPlayer.o
                0x0800430a                AudioPlayer::TriggerClick(bool)
 .text._ZNK11AudioPlayer9IsPlayingEv
                0x0800431e        0xa build/AudioPlayer.o
                0x0800431e                AudioPlayer::IsPlaying() const
 .text._ZNK11AudioPlayer13IsCrossfadingEv
                0x08004328        0xa build/AudioPlayer.o
                0x08004328                AudioPlayer::IsCrossfading() const
 *fill*         0x08004332        0x2 
 .text._ZN11AudioPlayer15SetClickPlayingEb
                0x08004334       0x24 build/AudioPlayer.o
                0x08004334                AudioPlayer::SetClickPlaying(bool)
 .text._ZNK11AudioPlayer14IsClickPlayingEv
                0x08004358        0xa build/AudioPlayer.o
                0x08004358                AudioPlayer::IsClickPlaying() const
 .text._ZN5daisy9WavPlayerILj8000EE7RestartEv
                0x08004362       0x78 build/AudioPlayer.o
                0x08004362                daisy::WavPlayer<8000u>::Restart()
 .text._ZN5daisy4FIFOINS_9WavPlayerILj96000EE9IoRequestELj8EEC2Ev
                0x080043da       0x26 build/AudioPlayer.o
                0x080043da                daisy::FIFO<daisy::WavPlayer<96000u>::IoRequest, 8u>::FIFO()
                0x080043da                daisy::FIFO<daisy::WavPlayer<96000u>::IoRequest, 8u>::FIFO()
 .text._ZN5daisy4FIFOINS_9WavPlayerILj8000EE9IoRequestELj8EEC2Ev
                0x08004400       0x26 build/AudioPlayer.o
                0x08004400                daisy::FIFO<daisy::WavPlayer<8000u>::IoRequest, 8u>::FIFO()
                0x08004400                daisy::FIFO<daisy::WavPlayer<8000u>::IoRequest, 8u>::FIFO()
 *fill*         0x08004426        0x2 
 .text._ZN11AudioPlayerC2Ev
                0x08004428       0xd4 build/AudioPlayer.o
                0x08004428                AudioPlayer::AudioPlayer()
                0x08004428                AudioPlayer::AudioPlayer()
 .text._ZN5daisy8FIFOBaseIsE8PopFrontEv
                0x080044fc       0x24 build/AudioPlayer.o
                0x080044fc                daisy::FIFOBase<short>::PopFront()
 .text._ZNK5daisy8FIFOBaseIsE14GetNumElementsEv
                0x08004520       0x10 build/AudioPlayer.o
                0x08004520                daisy::FIFOBase<short>::GetNumElements() const
 .text._ZN5daisy8FIFOBaseIsE8PushBackERKs
                0x08004530       0x32 build/AudioPlayer.o
                0x08004530                daisy::FIFOBase<short>::PushBack(short const&)
 *fill*         0x08004562        0x2 
 .text._ZN5daisy9WavPlayerILj96000EE4OpenEPKc
                0x08004564      0x158 build/AudioPlayer.o
                0x08004564                daisy::WavPlayer<96000u>::Open(char const*)
 .text._ZN5daisy9WavPlayerILj96000EE4InitEPKc.isra.0
                0x080046bc       0x3a build/AudioPlayer.o
 .text._ZN11AudioPlayer14PreloadNextPadEPKc
                0x080046f6       0x46 build/AudioPlayer.o
                0x080046f6                AudioPlayer::PreloadNextPad(char const*)
 .text._ZN11AudioPlayer7OpenPadEPKc
                0x0800473c       0x32 build/AudioPlayer.o
                0x0800473c                AudioPlayer::OpenPad(char const*)
 .text._ZN5daisy9WavPlayerILj8000EE4OpenEPKc
                0x0800476e      0x14a build/AudioPlayer.o
                0x0800476e                daisy::WavPlayer<8000u>::Open(char const*)
 .text._ZN5daisy9WavPlayerILj8000EE4InitEPKc.isra.0
                0x080048b8       0x38 build/AudioPlayer.o
 .text._ZN11AudioPlayer15OpenClickAccentEPKc
                0x080048f0       0x1c build/AudioPlayer.o
                0x080048f0                AudioPlayer::OpenClickAccent(char const*)
 .text._ZN11AudioPlayer9OpenClickEPKc
                0x0800490c       0x1c build/AudioPlayer.o
                0x0800490c                AudioPlayer::OpenClick(char const*)
 .text._ZN5daisy9WavPlayerILj8000EE7PrepareEv.isra.0
                0x08004928      0x18c build/AudioPlayer.o
 .text._ZN5daisy9WavPlayerILj96000EE7PrepareEv.isra.0
                0x08004ab4      0x194 build/AudioPlayer.o
 .text._ZN11AudioPlayer7PrepareEv
                0x08004c48       0x30 build/AudioPlayer.o
                0x08004c48                AudioPlayer::Prepare()
 .text._ZN5daisy9WavPlayerILj8000EE6StreamEPfj.isra.0
                0x08004c78      0x154 build/AudioPlayer.o
 .text._ZN5daisy9WavPlayerILj96000EE6StreamEPfj.isra.0
                0x08004dcc      0x174 build/AudioPlayer.o
 .text._ZN11AudioPlayer7ProcessERfS0_
                0x08004f40      0x228 build/AudioPlayer.o
                0x08004f40                AudioPlayer::Process(float&, float&)
 .text._ZN10PadBrowser4NextEv
                0x08005168       0x18 build/PadBrowser.o
                0x08005168                PadBrowser::Next()
 .text._ZN10PadBrowser4PrevEv
                0x08005180       0x1a build/PadBrowser.o
                0x08005180                PadBrowser::Prev()
 .text._ZN10PadBrowser11GetSelectedEv
                0x0800519a       0x18 build/PadBrowser.o
                0x0800519a                PadBrowser::GetSelected()
 .text._ZN10PadBrowser15ParseKeyAndNameER7PadFile
                0x080051b2       0x58 build/PadBrowser.o
                0x080051b2                PadBrowser::ParseKeyAndName(PadFile&)
 .text._ZN10PadBrowser8SetFilesEP7PadFilei
                0x0800520a       0x48 build/PadBrowser.o
                0x0800520a                PadBrowser::SetFiles(PadFile*, int)
 *fill*         0x08005252        0x2 
 .text._ZN5daisy9DaisySeed6GetPinEh
                0x08005254       0x2c ../../libDaisy//build\libdaisy.a(daisy_seed.o)
                0x08005254                daisy::DaisySeed::GetPin(unsigned char)
 .text._ZN5daisy9DaisySeed10StartAudioEPFvPKPKfPPfjE
                0x08005280        0x8 ../../libDaisy//build\libdaisy.a(daisy_seed.o)
                0x08005280                daisy::DaisySeed::StartAudio(void (*)(float const* const*, float**, unsigned int))
 .text._ZN5daisy9DaisySeed15AudioSampleRateEv
                0x08005288        0x8 ../../libDaisy//build\libdaisy.a(daisy_seed.o)
                0x08005288                daisy::DaisySeed::AudioSampleRate()
 .text._ZN5daisy9DaisySeed17SetAudioBlockSizeEj
                0x08005290       0x38 ../../libDaisy//build\libdaisy.a(daisy_seed.o)
                0x08005290                daisy::DaisySeed::SetAudioBlockSize(unsigned int)
 .text._ZN5daisy9DaisySeed6SetLedEb
                0x080052c8        0x8 ../../libDaisy//build\libdaisy.a(daisy_seed.o)
                0x080052c8                daisy::DaisySeed::SetLed(bool)
 .text._ZN5daisy9DaisySeed17CheckBoardVersionEv
                0x080052d0       0x6c ../../libDaisy//build\libdaisy.a(daisy_seed.o)
                0x080052d0                daisy::DaisySeed::CheckBoardVersion()
 .text._ZN5daisy9DaisySeed14ConfigureAudioEv
                0x0800533c      0x110 ../../libDaisy//build\libdaisy.a(daisy_seed.o)
                0x0800533c                daisy::DaisySeed::ConfigureAudio()
 .text._ZN5daisy9DaisySeed4InitEb
                0x0800544c      0x104 ../../libDaisy//build\libdaisy.a(daisy_seed.o)
                0x0800544c                daisy::DaisySeed::Init(bool)
 .text._ZN5daisy6Ak45564InitENS_3PinE
                0x08005550       0x44 ../../libDaisy//build\libdaisy.a(codec_ak4556.o)
                0x08005550                daisy::Ak4556::Init(daisy::Pin)
 .text._ZN5daisy6Wm873120WriteControlRegisterEht
                0x08005594       0x3c ../../libDaisy//build\libdaisy.a(codec_wm8731.o)
                0x08005594                daisy::Wm8731::WriteControlRegister(unsigned char, unsigned short)
 .text._ZN5daisy6Wm87314InitERKNS0_6ConfigENS_9I2CHandleE
                0x080055d0      0x1bc ../../libDaisy//build\libdaisy.a(codec_wm8731.o)
                0x080055d0                daisy::Wm8731::Init(daisy::Wm8731::Config const&, daisy::I2CHandle)
 .text._ZN11SdramHandle10DeviceInitEv
                0x0800578c       0x98 ../../libDaisy//build\libdaisy.a(sdram.o)
                0x0800578c                SdramHandle::DeviceInit()
 .text._ZN11SdramHandle4InitEv
                0x08005824       0x7c ../../libDaisy//build\libdaisy.a(sdram.o)
                0x08005824                SdramHandle::Init()
 .text.HAL_SDRAM_MspInit
                0x080058a0      0x1a8 ../../libDaisy//build\libdaisy.a(sdram.o)
                0x080058a0                HAL_SDRAM_MspInit
 .text._ZN5daisy11AudioHandle4Impl16InternalCallbackEPlS2_j
                0x08005a48      0xbbc ../../libDaisy//build\libdaisy.a(audio.o)
                0x08005a48                daisy::AudioHandle::Impl::InternalCallback(long*, long*, unsigned int)
 .text._ZN5daisy11AudioHandle4InitERKNS0_6ConfigENS_9SaiHandleE
                0x08006604       0x70 ../../libDaisy//build\libdaisy.a(audio.o)
                0x08006604                daisy::AudioHandle::Init(daisy::AudioHandle::Config const&, daisy::SaiHandle)
 .text._ZNK5daisy11AudioHandle9GetConfigEv
                0x08006674        0x8 ../../libDaisy//build\libdaisy.a(audio.o)
                0x08006674                daisy::AudioHandle::GetConfig() const
 .text._ZN5daisy11AudioHandle12SetBlockSizeEj
                0x0800667c       0x1c ../../libDaisy//build\libdaisy.a(audio.o)
                0x0800667c                daisy::AudioHandle::SetBlockSize(unsigned int)
 .text._ZN5daisy11AudioHandle13GetSampleRateEv
                0x08006698        0x8 ../../libDaisy//build\libdaisy.a(audio.o)
                0x08006698                daisy::AudioHandle::GetSampleRate()
 .text._ZN5daisy11AudioHandle5StartEPFvPKPKfPPfjE
                0x080066a0       0x44 ../../libDaisy//build\libdaisy.a(audio.o)
                0x080066a0                daisy::AudioHandle::Start(void (*)(float const* const*, float**, unsigned int))
 .text.startup._GLOBAL__sub_I__ZN5daisy11AudioHandle4Impl4InitENS0_6ConfigENS_9SaiHandleE
                0x080066e4       0x24 ../../libDaisy//build\libdaisy.a(audio.o)
 .text._ZN5daisy7Encoder4InitENS_3PinES1_S1_f
                0x08006708       0x5c ../../libDaisy//build\libdaisy.a(encoder.o)
                0x08006708                daisy::Encoder::Init(daisy::Pin, daisy::Pin, daisy::Pin, float)
 .text._ZN5daisy7Encoder8DebounceEv
                0x08006764       0x7c ../../libDaisy//build\libdaisy.a(encoder.o)
                0x08006764                daisy::Encoder::Debounce()
 .text._ZN5daisy6Switch4InitENS_3PinEfNS0_4TypeENS0_8PolarityENS_4GPIO4PullE
                0x080067e0       0x40 ../../libDaisy//build\libdaisy.a(switch.o)
                0x080067e0                daisy::Switch::Init(daisy::Pin, float, daisy::Switch::Type, daisy::Switch::Polarity, daisy::GPIO::Pull)
 .text._ZN5daisy6Switch4InitENS_3PinEf
                0x08006820       0x30 ../../libDaisy//build\libdaisy.a(switch.o)
                0x08006820                daisy::Switch::Init(daisy::Pin, float)
 .text._ZN5daisy6Switch8DebounceEv
                0x08006850       0x54 ../../libDaisy//build\libdaisy.a(switch.o)
                0x08006850                daisy::Switch::Debounce()
 .text._ZN5daisy16AdcChannelConfig10InitSingleENS_3PinENS0_15ConversionSpeedE
                0x080068a4       0x20 ../../libDaisy//build\libdaisy.a(adc.o)
                0x080068a4                daisy::AdcChannelConfig::InitSingle(daisy::Pin, daisy::AdcChannelConfig::ConversionSpeed)
 .text._ZN5daisy9AdcHandle4InitEPNS_16AdcChannelConfigEjNS0_12OverSamplingE
                0x080068c4      0x410 ../../libDaisy//build\libdaisy.a(adc.o)
                0x080068c4                daisy::AdcHandle::Init(daisy::AdcChannelConfig*, unsigned int, daisy::AdcHandle::OverSampling)
 .text._ZN5daisy9AdcHandle5StartEv
                0x08006cd4       0x2c ../../libDaisy//build\libdaisy.a(adc.o)
                0x08006cd4                daisy::AdcHandle::Start()
 .text._ZNK5daisy9AdcHandle8GetFloatEh
                0x08006d00       0x20 ../../libDaisy//build\libdaisy.a(adc.o)
                0x08006d00                daisy::AdcHandle::GetFloat(unsigned char) const
 .text.HAL_ADC_MspInit
                0x08006d20       0xa4 ../../libDaisy//build\libdaisy.a(adc.o)
                0x08006d20                HAL_ADC_MspInit
 .text.DMA1_Stream2_IRQHandler
                0x08006dc4        0xc ../../libDaisy//build\libdaisy.a(adc.o)
                0x08006dc4                DMA1_Stream2_IRQHandler
 .text.HAL_ADC_ConvCpltCallback
                0x08006dd0      0x15c ../../libDaisy//build\libdaisy.a(adc.o)
                0x08006dd0                HAL_ADC_ConvCpltCallback
 .text.HAL_ADC_ErrorCallback
                0x08006f2c        0x4 ../../libDaisy//build\libdaisy.a(adc.o)
                0x08006f2c                HAL_ADC_ErrorCallback
 .text.startup._GLOBAL__sub_I__ZN5daisy16AdcChannelConfig10InitSingleENS_3PinENS0_15ConversionSpeedE
                0x08006f30       0x38 ../../libDaisy//build\libdaisy.a(adc.o)
 .text._ZN5daisy4GPIO4InitERKNS0_6ConfigE
                0x08006f68      0x1cc ../../libDaisy//build\libdaisy.a(gpio.o)
                0x08006f68                daisy::GPIO::Init(daisy::GPIO::Config const&)
 .text._ZN5daisy4GPIO4InitEv
                0x08007134      0x1bc ../../libDaisy//build\libdaisy.a(gpio.o)
                0x08007134                daisy::GPIO::Init()
 .text._ZN5daisy4GPIO4InitENS_3PinENS0_4ModeENS0_4PullENS0_5SpeedE
                0x080072f0      0x1cc ../../libDaisy//build\libdaisy.a(gpio.o)
                0x080072f0                daisy::GPIO::Init(daisy::Pin, daisy::GPIO::Mode, daisy::GPIO::Pull, daisy::GPIO::Speed)
 .text._ZN5daisy4GPIO4ReadEv
                0x080074bc       0x18 ../../libDaisy//build\libdaisy.a(gpio.o)
                0x080074bc                daisy::GPIO::Read()
 .text._ZN5daisy4GPIO5WriteEb
                0x080074d4       0x14 ../../libDaisy//build\libdaisy.a(gpio.o)
                0x080074d4                daisy::GPIO::Write(bool)
 .text._ZN5daisy9I2CHandle4Impl8InitPinsEv
                0x080074e8       0x70 ../../libDaisy//build\libdaisy.a(i2c.o)
                0x080074e8                daisy::I2CHandle::Impl::InitPins()
 .text.HAL_I2C_MspInit
                0x08007558      0x1b4 ../../libDaisy//build\libdaisy.a(i2c.o)
                0x08007558                HAL_I2C_MspInit
 .text.dsy_i2c_global_init
                0x0800770c       0x78 ../../libDaisy//build\libdaisy.a(i2c.o)
                0x0800770c                dsy_i2c_global_init
 .text.DMA1_Stream6_IRQHandler
                0x08007784       0x34 ../../libDaisy//build\libdaisy.a(i2c.o)
                0x08007784                DMA1_Stream6_IRQHandler
 .text.I2C1_EV_IRQHandler
                0x080077b8        0xc ../../libDaisy//build\libdaisy.a(i2c.o)
                0x080077b8                I2C1_EV_IRQHandler
 .text.I2C2_EV_IRQHandler
                0x080077c4        0xc ../../libDaisy//build\libdaisy.a(i2c.o)
                0x080077c4                I2C2_EV_IRQHandler
 .text.I2C3_EV_IRQHandler
                0x080077d0        0xc ../../libDaisy//build\libdaisy.a(i2c.o)
                0x080077d0                I2C3_EV_IRQHandler
 .text._ZN5daisy9I2CHandle4InitERKNS0_6ConfigE
                0x080077dc      0x130 ../../libDaisy//build\libdaisy.a(i2c.o)
                0x080077dc                daisy::I2CHandle::Init(daisy::I2CHandle::Config const&)
 .text._ZN5daisy9I2CHandle16TransmitBlockingEtPhtm
                0x0800790c       0x50 ../../libDaisy//build\libdaisy.a(i2c.o)
                0x0800790c                daisy::I2CHandle::TransmitBlocking(unsigned short, unsigned char*, unsigned short, unsigned long)
 .text.startup._GLOBAL__sub_I__ZN5daisy9I2CHandle4Impl10GlobalInitEv
                0x0800795c       0x2c ../../libDaisy//build\libdaisy.a(i2c.o)
 .text._ZN5daisy10QSPIHandle4Impl11WriteEnableEv
                0x08007988       0x8c ../../libDaisy//build\libdaisy.a(qspi.o)
                0x08007988                daisy::QSPIHandle::Impl::WriteEnable()
 *fill*         0x08007a14        0x4 
 .text._ZN5daisy10QSPIHandle4Impl17DummyCyclesConfigENS0_6Config6DeviceE
                0x08007a18      0x118 ../../libDaisy//build\libdaisy.a(qspi.o)
                0x08007a18                daisy::QSPIHandle::Impl::DummyCyclesConfig(daisy::QSPIHandle::Config::Device)
 .text._ZN5daisy10QSPIHandle4Impl10QuadEnableEv
                0x08007b30      0x168 ../../libDaisy//build\libdaisy.a(qspi.o)
                0x08007b30                daisy::QSPIHandle::Impl::QuadEnable()
 .text._ZN5daisy10QSPIHandle4Impl21DefaultStatusRegisterEv
                0x08007c98      0x158 ../../libDaisy//build\libdaisy.a(qspi.o)
                0x08007c98                daisy::QSPIHandle::Impl::DefaultStatusRegister()
 .text._ZN5daisy10QSPIHandle4Impl7PreInitEm
                0x08007df0      0x198 ../../libDaisy//build\libdaisy.a(qspi.o)
                0x08007df0                daisy::QSPIHandle::Impl::PreInit(unsigned long)
 .text._ZN5daisy10QSPIHandle4InitERKNS0_6ConfigE
                0x08007f88      0x1b4 ../../libDaisy//build\libdaisy.a(qspi.o)
                0x08007f88                daisy::QSPIHandle::Init(daisy::QSPIHandle::Config const&)
 .text.HAL_QSPI_MspInit
                0x0800813c      0x194 ../../libDaisy//build\libdaisy.a(qspi.o)
                0x0800813c                HAL_QSPI_MspInit
 .text.HAL_QSPI_MspDeInit
                0x080082d0       0x7c ../../libDaisy//build\libdaisy.a(qspi.o)
                0x080082d0                HAL_QSPI_MspDeInit
 .text.QUADSPI_IRQHandler
                0x0800834c        0xc ../../libDaisy//build\libdaisy.a(qspi.o)
                0x0800834c                QUADSPI_IRQHandler
 .text.startup._GLOBAL__sub_I__ZN5daisy10QSPIHandle4Impl7PreInitEm
                0x08008358       0x40 ../../libDaisy//build\libdaisy.a(qspi.o)
 .text._ZN5daisy9SaiHandle4Impl7InitDmaENS1_15PeripheralBlockE
                0x08008398       0xa0 ../../libDaisy//build\libdaisy.a(sai.o)
                0x08008398                daisy::SaiHandle::Impl::InitDma(daisy::SaiHandle::Impl::PeripheralBlock)
 .text._ZN5daisy9SaiHandle4Impl8InitPinsEv
                0x08008438       0xbc ../../libDaisy//build\libdaisy.a(sai.o)
                0x08008438                daisy::SaiHandle::Impl::InitPins()
 .text.HAL_SAI_MspInit
                0x080084f4      0x164 ../../libDaisy//build\libdaisy.a(sai.o)
                0x080084f4                HAL_SAI_MspInit
 .text.DMA1_Stream0_IRQHandler
                0x08008658        0xc ../../libDaisy//build\libdaisy.a(sai.o)
                0x08008658                DMA1_Stream0_IRQHandler
 .text.DMA1_Stream1_IRQHandler
                0x08008664        0xc ../../libDaisy//build\libdaisy.a(sai.o)
                0x08008664                DMA1_Stream1_IRQHandler
 .text.DMA1_Stream3_IRQHandler
                0x08008670        0xc ../../libDaisy//build\libdaisy.a(sai.o)
                0x08008670                DMA1_Stream3_IRQHandler
 .text.DMA1_Stream4_IRQHandler
                0x0800867c        0xc ../../libDaisy//build\libdaisy.a(sai.o)
                0x0800867c                DMA1_Stream4_IRQHandler
 .text.HAL_SAI_RxHalfCpltCallback
                0x08008688       0x78 ../../libDaisy//build\libdaisy.a(sai.o)
                0x08008688                HAL_SAI_RxHalfCpltCallback
 .text.HAL_SAI_RxCpltCallback
                0x08008700       0x70 ../../libDaisy//build\libdaisy.a(sai.o)
                0x08008700                HAL_SAI_RxCpltCallback
 .text._ZN5daisy9SaiHandle4InitERKNS0_6ConfigE
                0x08008770      0x1f0 ../../libDaisy//build\libdaisy.a(sai.o)
                0x08008770                daisy::SaiHandle::Init(daisy::SaiHandle::Config const&)
 .text._ZNK5daisy9SaiHandle9GetConfigEv
                0x08008960        0x4 ../../libDaisy//build\libdaisy.a(sai.o)
                0x08008960                daisy::SaiHandle::GetConfig() const
 .text._ZN5daisy9SaiHandle8StartDmaEPlS1_jPFvS1_S1_jE
                0x08008964       0xbc ../../libDaisy//build\libdaisy.a(sai.o)
                0x08008964                daisy::SaiHandle::StartDma(long*, long*, unsigned int, void (*)(long*, long*, unsigned int))
 .text._ZN5daisy9SaiHandle13GetSampleRateEv
                0x08008a20       0x24 ../../libDaisy//build\libdaisy.a(sai.o)
                0x08008a20                daisy::SaiHandle::GetSampleRate()
 .text._ZNK5daisy9SaiHandle9GetOffsetEv
                0x08008a44        0x8 ../../libDaisy//build\libdaisy.a(sai.o)
                0x08008a44                daisy::SaiHandle::GetOffset() const
 .text.startup._GLOBAL__sub_I__ZN5daisy9SaiHandle4Impl4InitERKNS0_6ConfigE
                0x08008a4c       0x20 ../../libDaisy//build\libdaisy.a(sai.o)
 .text._ZN5daisy12SdmmcHandler4InitERKNS0_6ConfigE
                0x08008a6c       0x80 ../../libDaisy//build\libdaisy.a(sdmmc.o)
                0x08008a6c                daisy::SdmmcHandler::Init(daisy::SdmmcHandler::Config const&)
 .text.HAL_SD_MspInit
                0x08008aec       0xe4 ../../libDaisy//build\libdaisy.a(sdmmc.o)
                0x08008aec                HAL_SD_MspInit
 .text.SDMMC1_IRQHandler
                0x08008bd0        0xc ../../libDaisy//build\libdaisy.a(sdmmc.o)
                0x08008bd0                SDMMC1_IRQHandler
 .text._ZN5daisy9SpiHandle4Impl7InitDmaEv
                0x08008bdc       0xec ../../libDaisy//build\libdaisy.a(spi.o)
                0x08008bdc                daisy::SpiHandle::Impl::InitDma()
 .text._ZN5daisy9SpiHandle4Impl10StartDmaTxEPhjPFvPvEPFvS3_NS0_6ResultEES3_
                0x08008cc8       0xc8 ../../libDaisy//build\libdaisy.a(spi.o)
                0x08008cc8                daisy::SpiHandle::Impl::StartDmaTx(unsigned char*, unsigned int, void (*)(void*), void (*)(void*, daisy::SpiHandle::Result), void*)
 .text._ZN5daisy9SpiHandle4Impl10StartDmaRxEPhjPFvPvEPFvS3_NS0_6ResultEES3_
                0x08008d90       0xc8 ../../libDaisy//build\libdaisy.a(spi.o)
                0x08008d90                daisy::SpiHandle::Impl::StartDmaRx(unsigned char*, unsigned int, void (*)(void*), void (*)(void*, daisy::SpiHandle::Result), void*)
 .text._ZN5daisy9SpiHandle4Impl12StartDmaRxTxEPhS2_jPFvPvEPFvS3_NS0_6ResultEES3_
                0x08008e58       0xcc ../../libDaisy//build\libdaisy.a(spi.o)
                0x08008e58                daisy::SpiHandle::Impl::StartDmaRxTx(unsigned char*, unsigned char*, unsigned int, void (*)(void*), void (*)(void*, daisy::SpiHandle::Result), void*)
 .text._ZN5daisy9SpiHandle4Impl8InitPinsEv
                0x08008f24      0x25c ../../libDaisy//build\libdaisy.a(spi.o)
                0x08008f24                daisy::SpiHandle::Impl::InitPins()
 .text.HAL_SPI_MspInit
                0x08009180      0x6e8 ../../libDaisy//build\libdaisy.a(spi.o)
                0x08009180                HAL_SPI_MspInit
 .text.dsy_spi_global_init
                0x08009868       0x80 ../../libDaisy//build\libdaisy.a(spi.o)
                0x08009868                dsy_spi_global_init
 .text.SPI1_IRQHandler
                0x080098e8        0xc ../../libDaisy//build\libdaisy.a(spi.o)
                0x080098e8                SPI1_IRQHandler
 .text.SPI2_IRQHandler
                0x080098f4        0xc ../../libDaisy//build\libdaisy.a(spi.o)
                0x080098f4                SPI2_IRQHandler
 .text.SPI3_IRQHandler
                0x08009900        0xc ../../libDaisy//build\libdaisy.a(spi.o)
                0x08009900                SPI3_IRQHandler
 .text.SPI4_IRQHandler
                0x0800990c        0xc ../../libDaisy//build\libdaisy.a(spi.o)
                0x0800990c                SPI4_IRQHandler
 .text.SPI5_IRQHandler
                0x08009918        0xc ../../libDaisy//build\libdaisy.a(spi.o)
                0x08009918                SPI5_IRQHandler
 .text.DMA2_Stream2_IRQHandler
                0x08009924       0x34 ../../libDaisy//build\libdaisy.a(spi.o)
                0x08009924                DMA2_Stream2_IRQHandler
 .text.DMA2_Stream3_IRQHandler
                0x08009958       0x38 ../../libDaisy//build\libdaisy.a(spi.o)
                0x08009958                DMA2_Stream3_IRQHandler
 .text.HAL_SPI_TxCpltCallback
                0x08009990       0xc4 ../../libDaisy//build\libdaisy.a(spi.o)
                0x08009990                HAL_SPI_TxCpltCallback
 .text.HAL_SPI_RxCpltCallback
                0x08009a54       0xc4 ../../libDaisy//build\libdaisy.a(spi.o)
                0x08009a54                HAL_SPI_RxCpltCallback
 .text.HAL_SPI_TxRxCpltCallback
                0x08009b18       0xc4 ../../libDaisy//build\libdaisy.a(spi.o)
                0x08009b18                HAL_SPI_TxRxCpltCallback
 .text.HAL_SPI_ErrorCallback
                0x08009bdc       0xc8 ../../libDaisy//build\libdaisy.a(spi.o)
                0x08009bdc                HAL_SPI_ErrorCallback
 .text._ZN5daisy9SpiHandle4InitERKNS0_6ConfigE
                0x08009ca4      0x110 ../../libDaisy//build\libdaisy.a(spi.o)
                0x08009ca4                daisy::SpiHandle::Init(daisy::SpiHandle::Config const&)
 .text._ZN5daisy9SpiHandle16BlockingTransmitEPhjm
                0x08009db4       0x14 ../../libDaisy//build\libdaisy.a(spi.o)
                0x08009db4                daisy::SpiHandle::BlockingTransmit(unsigned char*, unsigned int, unsigned long)
 .text.startup._GLOBAL__sub_I__Z19MapInstanceToHandleP11SPI_TypeDef
                0x08009dc8      0x1d8 ../../libDaisy//build\libdaisy.a(spi.o)
 .text._ZN5daisy14FatFSInterface4InitEh
                0x08009fa0       0x48 ../../libDaisy//build\libdaisy.a(fatfs.o)
                0x08009fa0                daisy::FatFSInterface::Init(unsigned char)
 .text.get_fattime
                0x08009fe8        0x4 ../../libDaisy//build\libdaisy.a(fatfs.o)
                0x08009fe8                get_fattime
 .text._ZN5daisy11TimerHandleD2Ev
                0x08009fec        0x4 ../../libDaisy//build\libdaisy.a(system.o)
                0x08009fec                daisy::TimerHandle::~TimerHandle()
                0x08009fec                daisy::TimerHandle::~TimerHandle()
 .text.SysTick_Handler
                0x08009ff0       0x10 ../../libDaisy//build\libdaisy.a(system.o)
                0x08009ff0                SysTick_Handler
 .text.OTG_HS_EP1_OUT_IRQHandler
                0x0800a000       0x24 ../../libDaisy//build\libdaisy.a(system.o)
                0x0800a000                OTG_HS_EP1_OUT_IRQHandler
 .text.OTG_HS_EP1_IN_IRQHandler
                0x0800a024       0x24 ../../libDaisy//build\libdaisy.a(system.o)
                0x0800a024                OTG_HS_EP1_IN_IRQHandler
 .text.OTG_HS_IRQHandler
                0x0800a048       0x24 ../../libDaisy//build\libdaisy.a(system.o)
                0x0800a048                OTG_HS_IRQHandler
 .text.HardFault_Handler
                0x0800a06c       0xe0 ../../libDaisy//build\libdaisy.a(system.o)
                0x0800a06c                HardFault_Handler
 .text._ZN5daisy6System6GetNowEv
                0x0800a14c        0x4 ../../libDaisy//build\libdaisy.a(system.o)
                0x0800a14c                daisy::System::GetNow()
 .text._ZN5daisy6System5DelayEm
                0x0800a150        0x4 ../../libDaisy//build\libdaisy.a(system.o)
                0x0800a150                daisy::System::Delay(unsigned long)
 .text._ZN5daisy6System20GetBootloaderVersionEv
                0x0800a154       0x34 ../../libDaisy//build\libdaisy.a(system.o)
                0x0800a154                daisy::System::GetBootloaderVersion()
 .text._ZN5daisy6System15ConfigureClocksEv
                0x0800a188      0x1a4 ../../libDaisy//build\libdaisy.a(system.o)
                0x0800a188                daisy::System::ConfigureClocks()
 .text._ZN5daisy6System12ConfigureMpuEv
                0x0800a32c       0x7c ../../libDaisy//build\libdaisy.a(system.o)
                0x0800a32c                daisy::System::ConfigureMpu()
 .text._ZN5daisy6System4InitERKNS0_6ConfigE
                0x0800a3a8       0xf8 ../../libDaisy//build\libdaisy.a(system.o)
                0x0800a3a8                daisy::System::Init(daisy::System::Config const&)
 .text._ZN5daisy6System12GetPClk1FreqEv
                0x0800a4a0        0x4 ../../libDaisy//build\libdaisy.a(system.o)
                0x0800a4a0                daisy::System::GetPClk1Freq()
 .text._ZN5daisy6System22GetProgramMemoryRegionEv
                0x0800a4a4       0x78 ../../libDaisy//build\libdaisy.a(system.o)
                0x0800a4a4                daisy::System::GetProgramMemoryRegion()
 .text.startup._GLOBAL__sub_I__ZN5daisy9boot_infoE
                0x0800a51c       0x1c ../../libDaisy//build\libdaisy.a(system.o)
 .text.SystemInit
                0x0800a538       0x9c ../../libDaisy//build\libdaisy.a(system_stm32h7xx.o)
                0x0800a538                SystemInit
 .text.HAL_PCD_SetupStageCallback
                0x0800a5d4        0xc ../../libDaisy//build\libdaisy.a(usbd_conf.o)
                0x0800a5d4                HAL_PCD_SetupStageCallback
 .text.HAL_PCD_DataOutStageCallback
                0x0800a5e0       0x14 ../../libDaisy//build\libdaisy.a(usbd_conf.o)
                0x0800a5e0                HAL_PCD_DataOutStageCallback
 .text.HAL_PCD_DataInStageCallback
                0x0800a5f4       0x14 ../../libDaisy//build\libdaisy.a(usbd_conf.o)
                0x0800a5f4                HAL_PCD_DataInStageCallback
 .text.HAL_PCD_SOFCallback
                0x0800a608        0x8 ../../libDaisy//build\libdaisy.a(usbd_conf.o)
                0x0800a608                HAL_PCD_SOFCallback
 .text.HAL_PCD_ResetCallback
                0x0800a610       0x24 ../../libDaisy//build\libdaisy.a(usbd_conf.o)
                0x0800a610                HAL_PCD_ResetCallback
 .text.HAL_PCD_SuspendCallback
                0x0800a634       0x30 ../../libDaisy//build\libdaisy.a(usbd_conf.o)
                0x0800a634                HAL_PCD_SuspendCallback
 .text.HAL_PCD_ResumeCallback
                0x0800a664        0x8 ../../libDaisy//build\libdaisy.a(usbd_conf.o)
                0x0800a664                HAL_PCD_ResumeCallback
 .text.HAL_PCD_ISOOUTIncompleteCallback
                0x0800a66c        0x8 ../../libDaisy//build\libdaisy.a(usbd_conf.o)
                0x0800a66c                HAL_PCD_ISOOUTIncompleteCallback
 .text.HAL_PCD_ISOINIncompleteCallback
                0x0800a674        0x8 ../../libDaisy//build\libdaisy.a(usbd_conf.o)
                0x0800a674                HAL_PCD_ISOINIncompleteCallback
 .text.HAL_PCD_ConnectCallback
                0x0800a67c        0x8 ../../libDaisy//build\libdaisy.a(usbd_conf.o)
                0x0800a67c                HAL_PCD_ConnectCallback
 .text.HAL_PCD_DisconnectCallback
                0x0800a684        0x8 ../../libDaisy//build\libdaisy.a(usbd_conf.o)
                0x0800a684                HAL_PCD_DisconnectCallback
 .text.USBD_LL_OpenEP
                0x0800a68c       0x24 ../../libDaisy//build\libdaisy.a(usbd_conf.o)
                0x0800a68c                USBD_LL_OpenEP
 .text.USBD_LL_StallEP
                0x0800a6b0       0x1c ../../libDaisy//build\libdaisy.a(usbd_conf.o)
                0x0800a6b0                USBD_LL_StallEP
 .text.USBD_LL_ClearStallEP
                0x0800a6cc       0x1c ../../libDaisy//build\libdaisy.a(usbd_conf.o)
                0x0800a6cc                USBD_LL_ClearStallEP
 .text.USBD_LL_IsStallEP
                0x0800a6e8       0x28 ../../libDaisy//build\libdaisy.a(usbd_conf.o)
                0x0800a6e8                USBD_LL_IsStallEP
 .text.USBD_LL_SetUSBAddress
                0x0800a710       0x1c ../../libDaisy//build\libdaisy.a(usbd_conf.o)
                0x0800a710                USBD_LL_SetUSBAddress
 .text.USBD_LL_Transmit
                0x0800a72c       0x1c ../../libDaisy//build\libdaisy.a(usbd_conf.o)
                0x0800a72c                USBD_LL_Transmit
 .text.USBD_LL_PrepareReceive
                0x0800a748       0x1c ../../libDaisy//build\libdaisy.a(usbd_conf.o)
                0x0800a748                USBD_LL_PrepareReceive
 .text.HAL_HCD_SOF_Callback
                0x0800a764        0x8 ../../libDaisy//build\libdaisy.a(usbh_conf.o)
                0x0800a764                HAL_HCD_SOF_Callback
 .text.HAL_HCD_Connect_Callback
                0x0800a76c        0x8 ../../libDaisy//build\libdaisy.a(usbh_conf.o)
                0x0800a76c                HAL_HCD_Connect_Callback
 .text.HAL_HCD_Disconnect_Callback
                0x0800a774        0x8 ../../libDaisy//build\libdaisy.a(usbh_conf.o)
                0x0800a774                HAL_HCD_Disconnect_Callback
 .text.HAL_HCD_HC_NotifyURBChange_Callback
                0x0800a77c        0x4 ../../libDaisy//build\libdaisy.a(usbh_conf.o)
                0x0800a77c                HAL_HCD_HC_NotifyURBChange_Callback
 .text.HAL_HCD_PortEnabled_Callback
                0x0800a780        0x8 ../../libDaisy//build\libdaisy.a(usbh_conf.o)
                0x0800a780                HAL_HCD_PortEnabled_Callback
 .text.HAL_HCD_PortDisabled_Callback
                0x0800a788        0x8 ../../libDaisy//build\libdaisy.a(usbh_conf.o)
                0x0800a788                HAL_HCD_PortDisabled_Callback
 .text.USBH_LL_Stop
                0x0800a790       0x1c ../../libDaisy//build\libdaisy.a(usbh_conf.o)
                0x0800a790                USBH_LL_Stop
 .text.USBH_LL_GetLastXferSize
                0x0800a7ac        0x8 ../../libDaisy//build\libdaisy.a(usbh_conf.o)
                0x0800a7ac                USBH_LL_GetLastXferSize
 .text.USBH_LL_SubmitURB
                0x0800a7b4       0x38 ../../libDaisy//build\libdaisy.a(usbh_conf.o)
                0x0800a7b4                USBH_LL_SubmitURB
 .text.USBH_LL_GetURBState
                0x0800a7ec        0x8 ../../libDaisy//build\libdaisy.a(usbh_conf.o)
                0x0800a7ec                USBH_LL_GetURBState
 .text.USBH_LL_SetToggle
                0x0800a7f4       0x24 ../../libDaisy//build\libdaisy.a(usbh_conf.o)
                0x0800a7f4                USBH_LL_SetToggle
 .text.USBH_LL_GetToggle
                0x0800a818       0x1c ../../libDaisy//build\libdaisy.a(usbh_conf.o)
                0x0800a818                USBH_LL_GetToggle
 .text.SD_initialize
                0x0800a834       0x30 ../../libDaisy//build\libdaisy.a(sd_diskio.o)
                0x0800a834                SD_initialize
 .text.SD_status
                0x0800a864       0x20 ../../libDaisy//build\libdaisy.a(sd_diskio.o)
                0x0800a864                SD_status
 .text.SD_read  0x0800a884       0xdc ../../libDaisy//build\libdaisy.a(sd_diskio.o)
                0x0800a884                SD_read
 .text.SD_write
                0x0800a960       0xb0 ../../libDaisy//build\libdaisy.a(sd_diskio.o)
                0x0800a960                SD_write
 .text.SD_ioctl
                0x0800aa10       0x68 ../../libDaisy//build\libdaisy.a(sd_diskio.o)
                0x0800aa10                SD_ioctl
 .text.BSP_SD_WriteCpltCallback
                0x0800aa78        0xc ../../libDaisy//build\libdaisy.a(sd_diskio.o)
                0x0800aa78                BSP_SD_WriteCpltCallback
 .text.BSP_SD_ReadCpltCallback
                0x0800aa84        0xc ../../libDaisy//build\libdaisy.a(sd_diskio.o)
                0x0800aa84                BSP_SD_ReadCpltCallback
 .text.BSP_SD_ErrorCallback
                0x0800aa90        0xc ../../libDaisy//build\libdaisy.a(sd_diskio.o)
                0x0800aa90                BSP_SD_ErrorCallback
 .text.USBH_initialize
                0x0800aa9c        0x4 ../../libDaisy//build\libdaisy.a(usbh_diskio.o)
                0x0800aa9c                USBH_initialize
 .text.USBH_status
                0x0800aaa0       0x18 ../../libDaisy//build\libdaisy.a(usbh_diskio.o)
                0x0800aaa0                USBH_status
 .text.USBH_read
                0x0800aab8      0x16c ../../libDaisy//build\libdaisy.a(usbh_diskio.o)
                0x0800aab8                USBH_read
 .text.USBH_write
                0x0800ac24      0x104 ../../libDaisy//build\libdaisy.a(usbh_diskio.o)
                0x0800ac24                USBH_write
 .text.USBH_ioctl
                0x0800ad28       0x68 ../../libDaisy//build\libdaisy.a(usbh_diskio.o)
                0x0800ad28                USBH_ioctl
 .text.HAL_MspInit
                0x0800ad90        0x4 ../../libDaisy//build\libdaisy.a(stm32h7xx_hal.o)
                0x0800ad90                HAL_MspInit
 .text.HAL_InitTick
                0x0800ad94       0x4c ../../libDaisy//build\libdaisy.a(stm32h7xx_hal.o)
                0x0800ad94                HAL_InitTick
 .text.HAL_Init
                0x0800ade0       0x60 ../../libDaisy//build\libdaisy.a(stm32h7xx_hal.o)
                0x0800ade0                HAL_Init
 .text.HAL_IncTick
                0x0800ae40       0x18 ../../libDaisy//build\libdaisy.a(stm32h7xx_hal.o)
                0x0800ae40                HAL_IncTick
 .text.HAL_GetTick
                0x0800ae58        0xc ../../libDaisy//build\libdaisy.a(stm32h7xx_hal.o)
                0x0800ae58                HAL_GetTick
 .text.HAL_Delay
                0x0800ae64       0x24 ../../libDaisy//build\libdaisy.a(stm32h7xx_hal.o)
                0x0800ae64                HAL_Delay
 .text.HAL_GetREVID
                0x0800ae88        0xc ../../libDaisy//build\libdaisy.a(stm32h7xx_hal.o)
                0x0800ae88                HAL_GetREVID
 .text.HAL_ADC_ConvHalfCpltCallback
                0x0800ae94        0x4 ../../libDaisy//build\libdaisy.a(stm32h7xx_hal_adc.o)
                0x0800ae94                HAL_ADC_ConvHalfCpltCallback
 .text.ADC_DMAHalfConvCplt
                0x0800ae98        0xc ../../libDaisy//build\libdaisy.a(stm32h7xx_hal_adc.o)
                0x0800ae98                ADC_DMAHalfConvCplt
 .text.ADC_DMAConvCplt
                0x0800aea4       0x6c ../../libDaisy//build\libdaisy.a(stm32h7xx_hal_adc.o)
                0x0800aea4                ADC_DMAConvCplt
 .text.ADC_DMAError
                0x0800af10       0x1c ../../libDaisy//build\libdaisy.a(stm32h7xx_hal_adc.o)
                0x0800af10                ADC_DMAError
 .text.HAL_ADC_ConfigChannel
                0x0800af2c      0x440 ../../libDaisy//build\libdaisy.a(stm32h7xx_hal_adc.o)
                0x0800af2c                HAL_ADC_ConfigChannel
 .text.ADC_Enable
                0x0800b36c       0xac ../../libDaisy//build\libdaisy.a(stm32h7xx_hal_adc.o)
                0x0800b36c                ADC_Enable
 .text.HAL_ADC_Start_DMA
                0x0800b418      0x124 ../../libDaisy//build\libdaisy.a(stm32h7xx_hal_adc.o)
                0x0800b418                HAL_ADC_Start_DMA
 .text.ADC_Disable
                0x0800b53c       0x74 ../../libDaisy//build\libdaisy.a(stm32h7xx_hal_adc.o)
                0x0800b53c                ADC_Disable
 .text.ADC_ConfigureBoostMode
                0x0800b5b0      0x17c ../../libDaisy//build\libdaisy.a(stm32h7xx_hal_adc.o)
                0x0800b5b0                ADC_ConfigureBoostMode
 .text.HAL_ADC_Init
                0x0800b72c      0x21c ../../libDaisy//build\libdaisy.a(stm32h7xx_hal_adc.o)
                0x0800b72c                HAL_ADC_Init
 .text.HAL_ADCEx_Calibration_Start
                0x0800b948       0xa4 ../../libDaisy//build\libdaisy.a(stm32h7xx_hal_adc_ex.o)
                0x0800b948                HAL_ADCEx_Calibration_Start
 .text.HAL_ADCEx_MultiModeConfigChannel
                0x0800b9ec       0xd0 ../../libDaisy//build\libdaisy.a(stm32h7xx_hal_adc_ex.o)
                0x0800b9ec                HAL_ADCEx_MultiModeConfigChannel
 .text.HAL_NVIC_SetPriorityGrouping
                0x0800babc       0x24 ../../libDaisy//build\libdaisy.a(stm32h7xx_hal_cortex.o)
                0x0800babc                HAL_NVIC_SetPriorityGrouping
 .text.HAL_NVIC_SetPriority
                0x0800bae0       0x7c ../../libDaisy//build\libdaisy.a(stm32h7xx_hal_cortex.o)
                0x0800bae0                HAL_NVIC_SetPriority
 .text.HAL_NVIC_EnableIRQ
                0x0800bb5c       0x1c ../../libDaisy//build\libdaisy.a(stm32h7xx_hal_cortex.o)
                0x0800bb5c                HAL_NVIC_EnableIRQ
 .text.HAL_NVIC_DisableIRQ
                0x0800bb78       0x28 ../../libDaisy//build\libdaisy.a(stm32h7xx_hal_cortex.o)
                0x0800bb78                HAL_NVIC_DisableIRQ
 .text.HAL_SYSTICK_Config
                0x0800bba0       0x2c ../../libDaisy//build\libdaisy.a(stm32h7xx_hal_cortex.o)
                0x0800bba0                HAL_SYSTICK_Config
 .text.HAL_MPU_Disable
                0x0800bbcc       0x1c ../../libDaisy//build\libdaisy.a(stm32h7xx_hal_cortex.o)
                0x0800bbcc                HAL_MPU_Disable
 .text.HAL_MPU_Enable
                0x0800bbe8       0x20 ../../libDaisy//build\libdaisy.a(stm32h7xx_hal_cortex.o)
                0x0800bbe8                HAL_MPU_Enable
 .text.HAL_MPU_ConfigRegion
                0x0800bc08       0x64 ../../libDaisy//build\libdaisy.a(stm32h7xx_hal_cortex.o)
                0x0800bc08                HAL_MPU_ConfigRegion
 .text.HAL_SYSTICK_Callback
                0x0800bc6c        0x4 ../../libDaisy//build\libdaisy.a(stm32h7xx_hal_cortex.o)
                0x0800bc6c                HAL_SYSTICK_Callback
 .text.HAL_SYSTICK_IRQHandler
                0x0800bc70        0x8 ../../libDaisy//build\libdaisy.a(stm32h7xx_hal_cortex.o)
                0x0800bc70                HAL_SYSTICK_IRQHandler
 .text.DMA_CalcBaseAndBitshift
                0x0800bc78       0xf4 ../../libDaisy//build\libdaisy.a(stm32h7xx_hal_dma.o)
 .text.DMA_CalcDMAMUXChannelBaseAndMask
                0x0800bd6c       0xd8 ../../libDaisy//build\libdaisy.a(stm32h7xx_hal_dma.o)
 .text.HAL_DMA_Init
                0x0800be44      0x4dc ../../libDaisy//build\libdaisy.a(stm32h7xx_hal_dma.o)
                0x0800be44                HAL_DMA_Init
 .text.HAL_DMA_Start_IT
                0x0800c320      0x344 ../../libDaisy//build\libdaisy.a(stm32h7xx_hal_dma.o)
                0x0800c320                HAL_DMA_Start_IT
 .text.HAL_DMA_Abort
                0x0800c664      0x2f0 ../../libDaisy//build\libdaisy.a(stm32h7xx_hal_dma.o)
                0x0800c664                HAL_DMA_Abort
 .text.HAL_DMA_Abort_IT
                0x0800c954      0x194 ../../libDaisy//build\libdaisy.a(stm32h7xx_hal_dma.o)
                0x0800c954                HAL_DMA_Abort_IT
 .text.HAL_DMA_IRQHandler
                0x0800cae8      0x6a0 ../../libDaisy//build\libdaisy.a(stm32h7xx_hal_dma.o)
                0x0800cae8                HAL_DMA_IRQHandler
 .text.HAL_DMA_GetError
                0x0800d188        0x4 ../../libDaisy//build\libdaisy.a(stm32h7xx_hal_dma.o)
                0x0800d188                HAL_DMA_GetError
 .text.HAL_GPIO_Init
                0x0800d18c      0x274 ../../libDaisy//build\libdaisy.a(stm32h7xx_hal_gpio.o)
                0x0800d18c                HAL_GPIO_Init
 .text.HAL_GPIO_DeInit
                0x0800d400      0x190 ../../libDaisy//build\libdaisy.a(stm32h7xx_hal_gpio.o)
                0x0800d400                HAL_GPIO_DeInit
 .text.HAL_GPIO_ReadPin
                0x0800d590        0xc ../../libDaisy//build\libdaisy.a(stm32h7xx_hal_gpio.o)
                0x0800d590                HAL_GPIO_ReadPin
 .text.HAL_GPIO_WritePin
                0x0800d59c        0x8 ../../libDaisy//build\libdaisy.a(stm32h7xx_hal_gpio.o)
                0x0800d59c                HAL_GPIO_WritePin
 .text.HAL_HCD_HC_SubmitRequest
                0x0800d5a4       0xd4 ../../libDaisy//build\libdaisy.a(stm32h7xx_hal_hcd.o)
                0x0800d5a4                HAL_HCD_HC_SubmitRequest
 .text.HAL_HCD_IRQHandler
                0x0800d678      0x8f4 ../../libDaisy//build\libdaisy.a(stm32h7xx_hal_hcd.o)
                0x0800d678                HAL_HCD_IRQHandler
 .text.HAL_HCD_Stop
                0x0800df6c       0x28 ../../libDaisy//build\libdaisy.a(stm32h7xx_hal_hcd.o)
                0x0800df6c                HAL_HCD_Stop
 .text.HAL_HCD_HC_GetURBState
                0x0800df94        0xc ../../libDaisy//build\libdaisy.a(stm32h7xx_hal_hcd.o)
                0x0800df94                HAL_HCD_HC_GetURBState
 .text.HAL_HCD_HC_GetXferCount
                0x0800dfa0        0xc ../../libDaisy//build\libdaisy.a(stm32h7xx_hal_hcd.o)
                0x0800dfa0                HAL_HCD_HC_GetXferCount
 .text.I2C_WaitOnTXISFlagUntilTimeout
                0x0800dfac      0x16c ../../libDaisy//build\libdaisy.a(stm32h7xx_hal_i2c.o)
 .text.I2C_WaitOnSTOPFlagUntilTimeout
                0x0800e118      0x168 ../../libDaisy//build\libdaisy.a(stm32h7xx_hal_i2c.o)
 .text.HAL_I2C_Init
                0x0800e280       0xac ../../libDaisy//build\libdaisy.a(stm32h7xx_hal_i2c.o)
                0x0800e280                HAL_I2C_Init
 .text.HAL_I2C_Master_Transmit
                0x0800e32c      0x37c ../../libDaisy//build\libdaisy.a(stm32h7xx_hal_i2c.o)
                0x0800e32c                HAL_I2C_Master_Transmit
 .text.HAL_I2C_Slave_Transmit
                0x0800e6a8      0x254 ../../libDaisy//build\libdaisy.a(stm32h7xx_hal_i2c.o)
                0x0800e6a8                HAL_I2C_Slave_Transmit
 .text.HAL_I2C_EV_IRQHandler
                0x0800e8fc       0x10 ../../libDaisy//build\libdaisy.a(stm32h7xx_hal_i2c.o)
                0x0800e8fc                HAL_I2C_EV_IRQHandler
 .text.HAL_I2C_GetState
                0x0800e90c        0x8 ../../libDaisy//build\libdaisy.a(stm32h7xx_hal_i2c.o)
                0x0800e90c                HAL_I2C_GetState
 .text.HAL_I2CEx_ConfigAnalogFilter
                0x0800e914       0x54 ../../libDaisy//build\libdaisy.a(stm32h7xx_hal_i2c_ex.o)
                0x0800e914                HAL_I2CEx_ConfigAnalogFilter
 .text.HAL_I2CEx_ConfigDigitalFilter
                0x0800e968       0x58 ../../libDaisy//build\libdaisy.a(stm32h7xx_hal_i2c_ex.o)
                0x0800e968                HAL_I2CEx_ConfigDigitalFilter
 .text.HAL_PCD_IRQHandler
                0x0800e9c0      0xb48 ../../libDaisy//build\libdaisy.a(stm32h7xx_hal_pcd.o)
                0x0800e9c0                HAL_PCD_IRQHandler
 .text.HAL_PCD_SetAddress
                0x0800f508       0x2c ../../libDaisy//build\libdaisy.a(stm32h7xx_hal_pcd.o)
                0x0800f508                HAL_PCD_SetAddress
 .text.HAL_PCD_EP_Open
                0x0800f534       0x7c ../../libDaisy//build\libdaisy.a(stm32h7xx_hal_pcd.o)
                0x0800f534                HAL_PCD_EP_Open
 .text.HAL_PCD_EP_Receive
                0x0800f5b0       0x44 ../../libDaisy//build\libdaisy.a(stm32h7xx_hal_pcd.o)
                0x0800f5b0                HAL_PCD_EP_Receive
 .text.HAL_PCD_EP_Transmit
                0x0800f5f4       0x44 ../../libDaisy//build\libdaisy.a(stm32h7xx_hal_pcd.o)
                0x0800f5f4                HAL_PCD_EP_Transmit
 .text.HAL_PCD_EP_SetStall
                0x0800f638       0x88 ../../libDaisy//build\libdaisy.a(stm32h7xx_hal_pcd.o)
                0x0800f638                HAL_PCD_EP_SetStall
 .text.HAL_PCD_EP_ClrStall
                0x0800f6c0       0x78 ../../libDaisy//build\libdaisy.a(stm32h7xx_hal_pcd.o)
                0x0800f6c0                HAL_PCD_EP_ClrStall
 .text.HAL_PCDEx_LPM_Callback
                0x0800f738        0x4 ../../libDaisy//build\libdaisy.a(stm32h7xx_hal_pcd_ex.o)
                0x0800f738                HAL_PCDEx_LPM_Callback
 .text.HAL_PWREx_ConfigSupply
                0x0800f73c       0x48 ../../libDaisy//build\libdaisy.a(stm32h7xx_hal_pwr_ex.o)
                0x0800f73c                HAL_PWREx_ConfigSupply
 .text.HAL_PWREx_EnableUSBVoltageDetector
                0x0800f784       0x10 ../../libDaisy//build\libdaisy.a(stm32h7xx_hal_pwr_ex.o)
                0x0800f784                HAL_PWREx_EnableUSBVoltageDetector
 .text.QSPI_Config
                0x0800f794      0x174 ../../libDaisy//build\libdaisy.a(stm32h7xx_hal_qspi.o)
 .text.HAL_QSPI_Init
                0x0800f908       0xb8 ../../libDaisy//build\libdaisy.a(stm32h7xx_hal_qspi.o)
                0x0800f908                HAL_QSPI_Init
 .text.HAL_QSPI_DeInit
                0x0800f9c0       0x24 ../../libDaisy//build\libdaisy.a(stm32h7xx_hal_qspi.o)
                0x0800f9c0                HAL_QSPI_DeInit
 .text.HAL_QSPI_Command
                0x0800f9e4       0xd4 ../../libDaisy//build\libdaisy.a(stm32h7xx_hal_qspi.o)
                0x0800f9e4                HAL_QSPI_Command
 .text.HAL_QSPI_Transmit
                0x0800fab8       0xfc ../../libDaisy//build\libdaisy.a(stm32h7xx_hal_qspi.o)
                0x0800fab8                HAL_QSPI_Transmit
 .text.HAL_QSPI_Receive
                0x0800fbb4      0x108 ../../libDaisy//build\libdaisy.a(stm32h7xx_hal_qspi.o)
                0x0800fbb4                HAL_QSPI_Receive
 .text.HAL_QSPI_AutoPolling
                0x0800fcbc       0xf0 ../../libDaisy//build\libdaisy.a(stm32h7xx_hal_qspi.o)
                0x0800fcbc                HAL_QSPI_AutoPolling
 .text.HAL_QSPI_MemoryMapped
                0x0800fdac       0xc0 ../../libDaisy//build\libdaisy.a(stm32h7xx_hal_qspi.o)
                0x0800fdac                HAL_QSPI_MemoryMapped
 .text.HAL_QSPI_ErrorCallback
                0x0800fe6c        0x4 ../../libDaisy//build\libdaisy.a(stm32h7xx_hal_qspi.o)
                0x0800fe6c                HAL_QSPI_ErrorCallback
 .text.QSPI_DMAAbortCplt
                0x0800fe70       0x38 ../../libDaisy//build\libdaisy.a(stm32h7xx_hal_qspi.o)
 .text.HAL_QSPI_AbortCpltCallback
                0x0800fea8        0x4 ../../libDaisy//build\libdaisy.a(stm32h7xx_hal_qspi.o)
                0x0800fea8                HAL_QSPI_AbortCpltCallback
 .text.HAL_QSPI_CmdCpltCallback
                0x0800feac        0x4 ../../libDaisy//build\libdaisy.a(stm32h7xx_hal_qspi.o)
                0x0800feac                HAL_QSPI_CmdCpltCallback
 .text.HAL_QSPI_RxCpltCallback
                0x0800feb0        0x4 ../../libDaisy//build\libdaisy.a(stm32h7xx_hal_qspi.o)
                0x0800feb0                HAL_QSPI_RxCpltCallback
 .text.HAL_QSPI_TxCpltCallback
                0x0800feb4        0x4 ../../libDaisy//build\libdaisy.a(stm32h7xx_hal_qspi.o)
                0x0800feb4                HAL_QSPI_TxCpltCallback
 .text.HAL_QSPI_FifoThresholdCallback
                0x0800feb8        0x4 ../../libDaisy//build\libdaisy.a(stm32h7xx_hal_qspi.o)
                0x0800feb8                HAL_QSPI_FifoThresholdCallback
 .text.HAL_QSPI_StatusMatchCallback
                0x0800febc        0x4 ../../libDaisy//build\libdaisy.a(stm32h7xx_hal_qspi.o)
                0x0800febc                HAL_QSPI_StatusMatchCallback
 .text.HAL_QSPI_TimeOutCallback
                0x0800fec0        0x4 ../../libDaisy//build\libdaisy.a(stm32h7xx_hal_qspi.o)
                0x0800fec0                HAL_QSPI_TimeOutCallback
 .text.HAL_QSPI_IRQHandler
                0x0800fec4      0x210 ../../libDaisy//build\libdaisy.a(stm32h7xx_hal_qspi.o)
                0x0800fec4                HAL_QSPI_IRQHandler
 .text.HAL_RCC_GetSysClockFreq.part.0
                0x080100d4      0x130 ../../libDaisy//build\libdaisy.a(stm32h7xx_hal_rcc.o)
 .text.HAL_RCC_OscConfig
                0x08010204      0x5f4 ../../libDaisy//build\libdaisy.a(stm32h7xx_hal_rcc.o)
                0x08010204                HAL_RCC_OscConfig
 .text.HAL_RCC_GetSysClockFreq
                0x080107f8      0x140 ../../libDaisy//build\libdaisy.a(stm32h7xx_hal_rcc.o)
                0x080107f8                HAL_RCC_GetSysClockFreq
 .text.HAL_RCC_ClockConfig
                0x08010938      0x250 ../../libDaisy//build\libdaisy.a(stm32h7xx_hal_rcc.o)
                0x08010938                HAL_RCC_ClockConfig
 .text.HAL_RCC_GetHCLKFreq
                0x08010b88       0x80 ../../libDaisy//build\libdaisy.a(stm32h7xx_hal_rcc.o)
                0x08010b88                HAL_RCC_GetHCLKFreq
 .text.HAL_RCC_GetPCLK1Freq
                0x08010c08       0x90 ../../libDaisy//build\libdaisy.a(stm32h7xx_hal_rcc.o)
                0x08010c08                HAL_RCC_GetPCLK1Freq
 .text.HAL_RCC_GetPCLK2Freq
                0x08010c98       0x90 ../../libDaisy//build\libdaisy.a(stm32h7xx_hal_rcc.o)
                0x08010c98                HAL_RCC_GetPCLK2Freq
 .text.RCCEx_PLL2_Config
                0x08010d28       0xf4 ../../libDaisy//build\libdaisy.a(stm32h7xx_hal_rcc_ex.o)
 .text.RCCEx_PLL3_Config
                0x08010e1c       0xf4 ../../libDaisy//build\libdaisy.a(stm32h7xx_hal_rcc_ex.o)
 .text.HAL_RCCEx_PeriphCLKConfig
                0x08010f10      0xbf8 ../../libDaisy//build\libdaisy.a(stm32h7xx_hal_rcc_ex.o)
                0x08010f10                HAL_RCCEx_PeriphCLKConfig
 .text.HAL_RCCEx_GetD3PCLK1Freq
                0x08011b08       0x24 ../../libDaisy//build\libdaisy.a(stm32h7xx_hal_rcc_ex.o)
                0x08011b08                HAL_RCCEx_GetD3PCLK1Freq
 .text.HAL_RCCEx_GetPLL2ClockFreq
                0x08011b2c      0x17c ../../libDaisy//build\libdaisy.a(stm32h7xx_hal_rcc_ex.o)
                0x08011b2c                HAL_RCCEx_GetPLL2ClockFreq
 .text.HAL_RCCEx_GetPLL3ClockFreq
                0x08011ca8      0x17c ../../libDaisy//build\libdaisy.a(stm32h7xx_hal_rcc_ex.o)
                0x08011ca8                HAL_RCCEx_GetPLL3ClockFreq
 .text.HAL_RCCEx_GetPLL1ClockFreq
                0x08011e24      0x18c ../../libDaisy//build\libdaisy.a(stm32h7xx_hal_rcc_ex.o)
                0x08011e24                HAL_RCCEx_GetPLL1ClockFreq
 .text.HAL_RCCEx_GetPeriphCLKFreq
                0x08011fb0      0x390 ../../libDaisy//build\libdaisy.a(stm32h7xx_hal_rcc_ex.o)
                0x08011fb0                HAL_RCCEx_GetPeriphCLKFreq
 .text.HAL_SAI_Init.part.0
                0x08012340      0x390 ../../libDaisy//build\libdaisy.a(stm32h7xx_hal_sai.o)
 .text.HAL_SAI_InitProtocol
                0x080126d0      0x174 ../../libDaisy//build\libdaisy.a(stm32h7xx_hal_sai.o)
                0x080126d0                HAL_SAI_InitProtocol
 .text.HAL_SAI_Transmit_DMA
                0x08012844      0x124 ../../libDaisy//build\libdaisy.a(stm32h7xx_hal_sai.o)
                0x08012844                HAL_SAI_Transmit_DMA
 .text.HAL_SAI_Receive_DMA
                0x08012968       0xd0 ../../libDaisy//build\libdaisy.a(stm32h7xx_hal_sai.o)
                0x08012968                HAL_SAI_Receive_DMA
 .text.HAL_SAI_TxCpltCallback
                0x08012a38        0x4 ../../libDaisy//build\libdaisy.a(stm32h7xx_hal_sai.o)
                0x08012a38                HAL_SAI_TxCpltCallback
 .text.SAI_DMATxCplt
                0x08012a3c       0x64 ../../libDaisy//build\libdaisy.a(stm32h7xx_hal_sai.o)
 .text.HAL_SAI_TxHalfCpltCallback
                0x08012aa0        0x4 ../../libDaisy//build\libdaisy.a(stm32h7xx_hal_sai.o)
                0x08012aa0                HAL_SAI_TxHalfCpltCallback
 .text.SAI_DMATxHalfCplt
                0x08012aa4        0xc ../../libDaisy//build\libdaisy.a(stm32h7xx_hal_sai.o)
 .text.SAI_DMARxCplt
                0x08012ab0       0x64 ../../libDaisy//build\libdaisy.a(stm32h7xx_hal_sai.o)
 .text.SAI_DMARxHalfCplt
                0x08012b14        0xc ../../libDaisy//build\libdaisy.a(stm32h7xx_hal_sai.o)
 .text.HAL_SAI_ErrorCallback
                0x08012b20        0x4 ../../libDaisy//build\libdaisy.a(stm32h7xx_hal_sai.o)
                0x08012b20                HAL_SAI_ErrorCallback
 .text.SAI_DMAError
                0x08012b24       0x6c ../../libDaisy//build\libdaisy.a(stm32h7xx_hal_sai.o)
 .text.SD_FindSCR
                0x08012b90       0xe4 ../../libDaisy//build\libdaisy.a(stm32h7xx_hal_sd.o)
 .text.SD_SwitchSpeed
                0x08012c74      0x10c ../../libDaisy//build\libdaisy.a(stm32h7xx_hal_sd.o)
 .text.HAL_SD_GetCardStatus.part.0
                0x08012d80      0x1a0 ../../libDaisy//build\libdaisy.a(stm32h7xx_hal_sd.o)
 .text.HAL_SD_ReadBlocks_DMA
                0x08012f20       0xf8 ../../libDaisy//build\libdaisy.a(stm32h7xx_hal_sd.o)
                0x08012f20                HAL_SD_ReadBlocks_DMA
 .text.HAL_SD_WriteBlocks_DMA
                0x08013018       0xf8 ../../libDaisy//build\libdaisy.a(stm32h7xx_hal_sd.o)
                0x08013018                HAL_SD_WriteBlocks_DMA
 .text.HAL_SD_GetCardCSD
                0x08013110      0x17c ../../libDaisy//build\libdaisy.a(stm32h7xx_hal_sd.o)
                0x08013110                HAL_SD_GetCardCSD
 .text.HAL_SD_InitCard
                0x0801328c      0x284 ../../libDaisy//build\libdaisy.a(stm32h7xx_hal_sd.o)
                0x0801328c                HAL_SD_InitCard
 .text.HAL_SD_GetCardInfo
                0x08013510       0x28 ../../libDaisy//build\libdaisy.a(stm32h7xx_hal_sd.o)
                0x08013510                HAL_SD_GetCardInfo
 .text.HAL_SD_ConfigWideBusOperation
                0x08013538      0x1ac ../../libDaisy//build\libdaisy.a(stm32h7xx_hal_sd.o)
                0x08013538                HAL_SD_ConfigWideBusOperation
 .text.HAL_SD_Init
                0x080136e4       0xd0 ../../libDaisy//build\libdaisy.a(stm32h7xx_hal_sd.o)
                0x080136e4                HAL_SD_Init
 .text.HAL_SD_ConfigSpeedBusOperation
                0x080137b4      0x100 ../../libDaisy//build\libdaisy.a(stm32h7xx_hal_sd.o)
                0x080137b4                HAL_SD_ConfigSpeedBusOperation
 .text.HAL_SD_GetCardState
                0x080138b4       0x28 ../../libDaisy//build\libdaisy.a(stm32h7xx_hal_sd.o)
                0x080138b4                HAL_SD_GetCardState
 .text.HAL_SDEx_Read_DMADoubleBuf0CpltCallback
                0x080138dc        0x4 ../../libDaisy//build\libdaisy.a(stm32h7xx_hal_sd.o)
                0x080138dc                HAL_SDEx_Read_DMADoubleBuf0CpltCallback
 .text.HAL_SDEx_Read_DMADoubleBuf1CpltCallback
                0x080138e0        0x4 ../../libDaisy//build\libdaisy.a(stm32h7xx_hal_sd.o)
                0x080138e0                HAL_SDEx_Read_DMADoubleBuf1CpltCallback
 .text.HAL_SDEx_Write_DMADoubleBuf0CpltCallback
                0x080138e4        0x4 ../../libDaisy//build\libdaisy.a(stm32h7xx_hal_sd.o)
                0x080138e4                HAL_SDEx_Write_DMADoubleBuf0CpltCallback
 .text.HAL_SDEx_Write_DMADoubleBuf1CpltCallback
                0x080138e8        0x4 ../../libDaisy//build\libdaisy.a(stm32h7xx_hal_sd.o)
                0x080138e8                HAL_SDEx_Write_DMADoubleBuf1CpltCallback
 .text.HAL_SD_IRQHandler
                0x080138ec      0x294 ../../libDaisy//build\libdaisy.a(stm32h7xx_hal_sd.o)
                0x080138ec                HAL_SD_IRQHandler
 .text.HAL_SDRAM_Init
                0x08013b80       0x54 ../../libDaisy//build\libdaisy.a(stm32h7xx_hal_sdram.o)
                0x08013b80                HAL_SDRAM_Init
 .text.HAL_SDRAM_SendCommand
                0x08013bd4       0x40 ../../libDaisy//build\libdaisy.a(stm32h7xx_hal_sdram.o)
                0x08013bd4                HAL_SDRAM_SendCommand
 .text.HAL_SDRAM_ProgramRefreshRate
                0x08013c14       0x30 ../../libDaisy//build\libdaisy.a(stm32h7xx_hal_sdram.o)
                0x08013c14                HAL_SDRAM_ProgramRefreshRate
 .text.SPI_CloseTransfer
                0x08013c44       0xb8 ../../libDaisy//build\libdaisy.a(stm32h7xx_hal_spi.o)
 .text.HAL_SPI_Init
                0x08013cfc      0x1a8 ../../libDaisy//build\libdaisy.a(stm32h7xx_hal_spi.o)
                0x08013cfc                HAL_SPI_Init
 .text.HAL_SPI_Transmit
                0x08013ea4      0x32c ../../libDaisy//build\libdaisy.a(stm32h7xx_hal_spi.o)
                0x08013ea4                HAL_SPI_Transmit
 .text.HAL_SPI_Transmit_DMA
                0x080141d0      0x180 ../../libDaisy//build\libdaisy.a(stm32h7xx_hal_spi.o)
                0x080141d0                HAL_SPI_Transmit_DMA
 .text.HAL_SPI_Receive_DMA
                0x08014350      0x194 ../../libDaisy//build\libdaisy.a(stm32h7xx_hal_spi.o)
                0x08014350                HAL_SPI_Receive_DMA
 .text.HAL_SPI_TransmitReceive_DMA
                0x080144e4      0x214 ../../libDaisy//build\libdaisy.a(stm32h7xx_hal_spi.o)
                0x080144e4                HAL_SPI_TransmitReceive_DMA
 .text.SPI_DMATransmitCplt
                0x080146f8       0x28 ../../libDaisy//build\libdaisy.a(stm32h7xx_hal_spi.o)
 .text.SPI_DMAReceiveCplt
                0x08014720       0x28 ../../libDaisy//build\libdaisy.a(stm32h7xx_hal_spi.o)
 .text.SPI_DMATransmitReceiveCplt
                0x08014748       0x28 ../../libDaisy//build\libdaisy.a(stm32h7xx_hal_spi.o)
 .text.HAL_SPI_TxHalfCpltCallback
                0x08014770        0x4 ../../libDaisy//build\libdaisy.a(stm32h7xx_hal_spi.o)
                0x08014770                HAL_SPI_TxHalfCpltCallback
 .text.SPI_DMAHalfTransmitCplt